Archive member included to satisfy reference by file (symbol)

d:/stm32_workbench/plugins/fr.ac6.mcu.externaltools.arm-none.win32_1.17.0.201812190825/tools/compiler/bin/../lib/gcc/arm-none-eabi/7.3.1/thumb/v7e-m/fpv4-sp/hard\libgcc.a(_aeabi_uldivmod.o)
                              Drivers/STM32F4xx_HAL_Driver/Src/stm32f4xx_hal_rcc.o (__aeabi_uldivmod)
d:/stm32_workbench/plugins/fr.ac6.mcu.externaltools.arm-none.win32_1.17.0.201812190825/tools/compiler/bin/../lib/gcc/arm-none-eabi/7.3.1/thumb/v7e-m/fpv4-sp/hard\libgcc.a(_udivmoddi4.o)
                              d:/stm32_workbench/plugins/fr.ac6.mcu.externaltools.arm-none.win32_1.17.0.201812190825/tools/compiler/bin/../lib/gcc/arm-none-eabi/7.3.1/thumb/v7e-m/fpv4-sp/hard\libgcc.a(_aeabi_uldivmod.o) (__udivmoddi4)
d:/stm32_workbench/plugins/fr.ac6.mcu.externaltools.arm-none.win32_1.17.0.201812190825/tools/compiler/bin/../lib/gcc/arm-none-eabi/7.3.1/thumb/v7e-m/fpv4-sp/hard\libgcc.a(_dvmd_tls.o)
                              d:/stm32_workbench/plugins/fr.ac6.mcu.externaltools.arm-none.win32_1.17.0.201812190825/tools/compiler/bin/../lib/gcc/arm-none-eabi/7.3.1/thumb/v7e-m/fpv4-sp/hard\libgcc.a(_aeabi_uldivmod.o) (__aeabi_ldiv0)
d:/stm32_workbench/plugins/fr.ac6.mcu.externaltools.arm-none.win32_1.17.0.201812190825/tools/compiler/bin/../lib/gcc/arm-none-eabi/7.3.1/../../../../arm-none-eabi/lib/thumb/v7e-m/fpv4-sp/hard\libc_nano.a(lib_a-errno.o)
                              Core/Src/syscalls.o (__errno)
d:/stm32_workbench/plugins/fr.ac6.mcu.externaltools.arm-none.win32_1.17.0.201812190825/tools/compiler/bin/../lib/gcc/arm-none-eabi/7.3.1/../../../../arm-none-eabi/lib/thumb/v7e-m/fpv4-sp/hard\libc_nano.a(lib_a-exit.o)
                              d:/stm32_workbench/plugins/fr.ac6.mcu.externaltools.arm-none.win32_1.17.0.201812190825/tools/compiler/bin/../lib/gcc/arm-none-eabi/7.3.1/../../../../arm-none-eabi/lib/thumb/v7e-m/fpv4-sp/hard/crt0.o (exit)
d:/stm32_workbench/plugins/fr.ac6.mcu.externaltools.arm-none.win32_1.17.0.201812190825/tools/compiler/bin/../lib/gcc/arm-none-eabi/7.3.1/../../../../arm-none-eabi/lib/thumb/v7e-m/fpv4-sp/hard\libc_nano.a(lib_a-impure.o)
                              d:/stm32_workbench/plugins/fr.ac6.mcu.externaltools.arm-none.win32_1.17.0.201812190825/tools/compiler/bin/../lib/gcc/arm-none-eabi/7.3.1/../../../../arm-none-eabi/lib/thumb/v7e-m/fpv4-sp/hard\libc_nano.a(lib_a-exit.o) (_global_impure_ptr)
d:/stm32_workbench/plugins/fr.ac6.mcu.externaltools.arm-none.win32_1.17.0.201812190825/tools/compiler/bin/../lib/gcc/arm-none-eabi/7.3.1/../../../../arm-none-eabi/lib/thumb/v7e-m/fpv4-sp/hard\libc_nano.a(lib_a-init.o)
                              d:/stm32_workbench/plugins/fr.ac6.mcu.externaltools.arm-none.win32_1.17.0.201812190825/tools/compiler/bin/../lib/gcc/arm-none-eabi/7.3.1/../../../../arm-none-eabi/lib/thumb/v7e-m/fpv4-sp/hard/crt0.o (__libc_init_array)
d:/stm32_workbench/plugins/fr.ac6.mcu.externaltools.arm-none.win32_1.17.0.201812190825/tools/compiler/bin/../lib/gcc/arm-none-eabi/7.3.1/../../../../arm-none-eabi/lib/thumb/v7e-m/fpv4-sp/hard\libc_nano.a(lib_a-memset.o)
                              d:/stm32_workbench/plugins/fr.ac6.mcu.externaltools.arm-none.win32_1.17.0.201812190825/tools/compiler/bin/../lib/gcc/arm-none-eabi/7.3.1/../../../../arm-none-eabi/lib/thumb/v7e-m/fpv4-sp/hard/crt0.o (memset)

Allocating common symbols
Common symbol       size              file

uwTick              0x4               Drivers/STM32F4xx_HAL_Driver/Src/stm32f4xx_hal.o
pFlash              0x20              Drivers/STM32F4xx_HAL_Driver/Src/stm32f4xx_hal_flash.o

Discarded input sections

 .text          0x00000000        0x0 d:/stm32_workbench/plugins/fr.ac6.mcu.externaltools.arm-none.win32_1.17.0.201812190825/tools/compiler/bin/../lib/gcc/arm-none-eabi/7.3.1/thumb/v7e-m/fpv4-sp/hard/crti.o
 .data          0x00000000        0x0 d:/stm32_workbench/plugins/fr.ac6.mcu.externaltools.arm-none.win32_1.17.0.201812190825/tools/compiler/bin/../lib/gcc/arm-none-eabi/7.3.1/thumb/v7e-m/fpv4-sp/hard/crti.o
 .bss           0x00000000        0x0 d:/stm32_workbench/plugins/fr.ac6.mcu.externaltools.arm-none.win32_1.17.0.201812190825/tools/compiler/bin/../lib/gcc/arm-none-eabi/7.3.1/thumb/v7e-m/fpv4-sp/hard/crti.o
 .data          0x00000000        0x4 d:/stm32_workbench/plugins/fr.ac6.mcu.externaltools.arm-none.win32_1.17.0.201812190825/tools/compiler/bin/../lib/gcc/arm-none-eabi/7.3.1/thumb/v7e-m/fpv4-sp/hard/crtbegin.o
 .text          0x00000000       0x74 d:/stm32_workbench/plugins/fr.ac6.mcu.externaltools.arm-none.win32_1.17.0.201812190825/tools/compiler/bin/../lib/gcc/arm-none-eabi/7.3.1/../../../../arm-none-eabi/lib/thumb/v7e-m/fpv4-sp/hard/crt0.o
 .data          0x00000000        0x0 d:/stm32_workbench/plugins/fr.ac6.mcu.externaltools.arm-none.win32_1.17.0.201812190825/tools/compiler/bin/../lib/gcc/arm-none-eabi/7.3.1/../../../../arm-none-eabi/lib/thumb/v7e-m/fpv4-sp/hard/crt0.o
[...]
Memory Configuration

Name             Origin             Length             Attributes
RAM              0x20000000         0x00020000         xrw
CCMRAM           0x10000000         0x00010000         xrw
FLASH            0x08000000         0x00100000         xr
*default*        0x00000000         0xffffffff

Linker script and memory map

LOAD d:/stm32_workbench/plugins/fr.ac6.mcu.externaltools.arm-none.win32_1.17.0.201812190825/tools/compiler/bin/../lib/gcc/arm-none-eabi/7.3.1/thumb/v7e-m/fpv4-sp/hard/crti.o
LOAD d:/stm32_workbench/plugins/fr.ac6.mcu.externaltools.arm-none.win32_1.17.0.201812190825/tools/compiler/bin/../lib/gcc/arm-none-eabi/7.3.1/thumb/v7e-m/fpv4-sp/hard/crtbegin.o
LOAD d:/stm32_workbench/plugins/fr.ac6.mcu.externaltools.arm-none.win32_1.17.0.201812190825/tools/compiler/bin/../lib/gcc/arm-none-eabi/7.3.1/../../../../arm-none-eabi/lib/thumb/v7e-m/fpv4-sp/hard/crt0.o
LOAD Core/Src/it.o
LOAD Core/Src/main.o
LOAD Core/Src/msp.o
LOAD Core/Src/syscalls.o
LOAD Core/Src/system_stm32f4xx.o
LOAD Drivers/STM32F4xx_HAL_Driver/Src/stm32f4xx_hal.o
LOAD Drivers/STM32F4xx_HAL_Driver/Src/stm32f4xx_hal_cortex.o
LOAD Drivers/STM32F4xx_HAL_Driver/Src/stm32f4xx_hal_dma.o
LOAD Drivers/STM32F4xx_HAL_Driver/Src/stm32f4xx_hal_dma_ex.o
LOAD Drivers/STM32F4xx_HAL_Driver/Src/stm32f4xx_hal_exti.o
LOAD Drivers/STM32F4xx_HAL_Driver/Src/stm32f4xx_hal_flash.o
LOAD Drivers/STM32F4xx_HAL_Driver/Src/stm32f4xx_hal_flash_ex.o
LOAD Drivers/STM32F4xx_HAL_Driver/Src/stm32f4xx_hal_flash_ramfunc.o
LOAD Drivers/STM32F4xx_HAL_Driver/Src/stm32f4xx_hal_gpio.o
LOAD Drivers/STM32F4xx_HAL_Driver/Src/stm32f4xx_hal_hcd.o
LOAD Drivers/STM32F4xx_HAL_Driver/Src/stm32f4xx_hal_i2c.o
LOAD Drivers/STM32F4xx_HAL_Driver/Src/stm32f4xx_hal_i2c_ex.o
LOAD Drivers/STM32F4xx_HAL_Driver/Src/stm32f4xx_hal_i2s.o
LOAD Drivers/STM32F4xx_HAL_Driver/Src/stm32f4xx_hal_i2s_ex.o
LOAD Drivers/STM32F4xx_HAL_Driver/Src/stm32f4xx_hal_pwr.o
LOAD Drivers/STM32F4xx_HAL_Driver/Src/stm32f4xx_hal_pwr_ex.o
LOAD Drivers/STM32F4xx_HAL_Driver/Src/stm32f4xx_hal_rcc.o
LOAD Drivers/STM32F4xx_HAL_Driver/Src/stm32f4xx_hal_rcc_ex.o
LOAD Drivers/STM32F4xx_HAL_Driver/Src/stm32f4xx_hal_spi.o
LOAD Drivers/STM32F4xx_HAL_Driver/Src/stm32f4xx_hal_tim.o
LOAD Drivers/STM32F4xx_HAL_Driver/Src/stm32f4xx_hal_tim_ex.o
LOAD Drivers/STM32F4xx_HAL_Driver/Src/stm32f4xx_hal_uart.o
LOAD Drivers/STM32F4xx_HAL_Driver/Src/stm32f4xx_ll_usb.o
LOAD startup/startup_stm32f407xx.o
LOAD d:/stm32_workbench/plugins/fr.ac6.mcu.externaltools.arm-none.win32_1.17.0.201812190825/tools/compiler/bin/../lib/gcc/arm-none-eabi/7.3.1/../../../../arm-none-eabi/lib/thumb/v7e-m/fpv4-sp/hard\libm.a
START GROUP
LOAD d:/stm32_workbench/plugins/fr.ac6.mcu.externaltools.arm-none.win32_1.17.0.201812190825/tools/compiler/bin/../lib/gcc/arm-none-eabi/7.3.1/thumb/v7e-m/fpv4-sp/hard\libgcc.a
LOAD d:/stm32_workbench/plugins/fr.ac6.mcu.externaltools.arm-none.win32_1.17.0.201812190825/tools/compiler/bin/../lib/gcc/arm-none-eabi/7.3.1/../../../../arm-none-eabi/lib/thumb/v7e-m/fpv4-sp/hard\libc_nano.a
END GROUP
START GROUP
LOAD d:/stm32_workbench/plugins/fr.ac6.mcu.externaltools.arm-none.win32_1.17.0.201812190825/tools/compiler/bin/../lib/gcc/arm-none-eabi/7.3.1/thumb/v7e-m/fpv4-sp/hard\libgcc.a
LOAD d:/stm32_workbench/plugins/fr.ac6.mcu.externaltools.arm-none.win32_1.17.0.201812190825/tools/compiler/bin/../lib/gcc/arm-none-eabi/7.3.1/../../../../arm-none-eabi/lib/thumb/v7e-m/fpv4-sp/hard\libc_nano.a
LOAD d:/stm32_workbench/plugins/fr.ac6.mcu.externaltools.arm-none.win32_1.17.0.201812190825/tools/compiler/bin/../lib/gcc/arm-none-eabi/7.3.1/../../../../arm-none-eabi/lib/thumb/v7e-m/fpv4-sp/hard\libnosys.a
END GROUP
START GROUP
LOAD d:/stm32_workbench/plugins/fr.ac6.mcu.externaltools.arm-none.win32_1.17.0.201812190825/tools/compiler/bin/../lib/gcc/arm-none-eabi/7.3.1/thumb/v7e-m/fpv4-sp/hard\libgcc.a
LOAD d:/stm32_workbench/plugins/fr.ac6.mcu.externaltools.arm-none.win32_1.17.0.201812190825/tools/compiler/bin/../lib/gcc/arm-none-eabi/7.3.1/../../../../arm-none-eabi/lib/thumb/v7e-m/fpv4-sp/hard\libc_nano.a
LOAD d:/stm32_workbench/plugins/fr.ac6.mcu.externaltools.arm-none.win32_1.17.0.201812190825/tools/compiler/bin/../lib/gcc/arm-none-eabi/7.3.1/../../../../arm-none-eabi/lib/thumb/v7e-m/fpv4-sp/hard\libnosys.a
END GROUP
LOAD d:/stm32_workbench/plugins/fr.ac6.mcu.externaltools.arm-none.win32_1.17.0.201812190825/tools/compiler/bin/../lib/gcc/arm-none-eabi/7.3.1/thumb/v7e-m/fpv4-sp/hard/crtend.o
LOAD d:/stm32_workbench/plugins/fr.ac6.mcu.externaltools.arm-none.win32_1.17.0.201812190825/tools/compiler/bin/../lib/gcc/arm-none-eabi/7.3.1/thumb/v7e-m/fpv4-sp/hard/crtn.o
                0x20020000                _estack = 0x20020000
                0x00000200                _Min_Heap_Size = 0x200
                0x00000400                _Min_Stack_Size = 0x400

.isr_vector     0x08000000      0x188
                0x08000000                . = ALIGN (0x4)
 *(.isr_vector)
 .isr_vector    0x08000000      0x188 startup/startup_stm32f407xx.o
                0x08000000                g_pfnVectors
                0x08000188                . = ALIGN (0x4)

.text           0x08000188      0x28c
                0x08000188                . = ALIGN (0x4)
 *(.text)
 .text          0x08000188       0x40 d:/stm32_workbench/plugins/fr.ac6.mcu.externaltools.arm-none.win32_1.17.0.201812190825/tools/compiler/bin/../lib/gcc/arm-none-eabi/7.3.1/thumb/v7e-m/fpv4-sp/hard/crtbegin.o
 *(.text*)
 .text.main     0x080001c8        0xa Core/Src/main.o
                0x080001c8                main
 *fill*         0x080001d2        0x2 
 .text.HAL_MspInit
                0x080001d4       0x3c Core/Src/msp.o
                0x080001d4                HAL_MspInit
 .text.SystemInit
                0x08000210       0x1c Core/Src/system_stm32f4xx.o
                0x08000210                SystemInit
 .text.HAL_InitTick
                0x0800022c       0x48 Drivers/STM32F4xx_HAL_Driver/Src/stm32f4xx_hal.o
                0x0800022c                HAL_InitTick
 .text.HAL_Init
                0x08000274       0x34 Drivers/STM32F4xx_HAL_Driver/Src/stm32f4xx_hal.o
                0x08000274                HAL_Init
 .text.HAL_NVIC_SetPriorityGrouping
                0x080002a8       0x24 Drivers/STM32F4xx_HAL_Driver/Src/stm32f4xx_hal_cortex.o
                0x080002a8                HAL_NVIC_SetPriorityGrouping
 .text.HAL_NVIC_SetPriority
                0x080002cc       0x68 Drivers/STM32F4xx_HAL_Driver/Src/stm32f4xx_hal_cortex.o
                0x080002cc                HAL_NVIC_SetPriority
 .text.HAL_SYSTICK_Config
                0x08000334       0x2c Drivers/STM32F4xx_HAL_Driver/Src/stm32f4xx_hal_cortex.o
                0x08000334                HAL_SYSTICK_Config
 .text.Reset_Handler
                0x08000360       0x50 startup/startup_stm32f407xx.o
                0x08000360                Reset_Handler
 .text.Default_Handler
                0x080003b0        0x2 startup/startup_stm32f407xx.o
                0x080003b0                RTC_Alarm_IRQHandler
                0x080003b0                HASH_RNG_IRQHandler
                0x080003b0                EXTI2_IRQHandler
                0x080003b0                TIM8_CC_IRQHandler
                0x080003b0                DebugMon_Handler
                0x080003b0                TIM1_CC_IRQHandler
                0x080003b0                DMA2_Stream5_IRQHandler
                0x080003b0                HardFault_Handler
                0x080003b0                DMA1_Stream5_IRQHandler
                0x080003b0                SysTick_Handler
                0x080003b0                PVD_IRQHandler
                0x080003b0                SDIO_IRQHandler
                0x080003b0                TAMP_STAMP_IRQHandler
                0x080003b0                PendSV_Handler
                0x080003b0                NMI_Handler
                0x080003b0                CAN2_RX1_IRQHandler
                0x080003b0                EXTI3_IRQHandler
                0x080003b0                TIM8_TRG_COM_TIM14_IRQHandler
                0x080003b0                TIM1_UP_TIM10_IRQHandler
                0x080003b0                TIM8_UP_TIM13_IRQHandler
                0x080003b0                I2C3_ER_IRQHandler
                0x080003b0                EXTI0_IRQHandler
                0x080003b0                I2C2_EV_IRQHandler
                0x080003b0                DMA1_Stream2_IRQHandler
                0x080003b0                CAN1_RX0_IRQHandler
                0x080003b0                FPU_IRQHandler
                0x080003b0                OTG_HS_WKUP_IRQHandler
                0x080003b0                UsageFault_Handler
                0x080003b0                CAN2_SCE_IRQHandler
                0x080003b0                DMA2_Stream2_IRQHandler
                0x080003b0                SPI1_IRQHandler
                0x080003b0                TIM6_DAC_IRQHandler
                0x080003b0                TIM1_BRK_TIM9_IRQHandler
                0x080003b0                DCMI_IRQHandler
                0x080003b0                CAN2_RX0_IRQHandler
                0x080003b0                DMA2_Stream3_IRQHandler
                0x080003b0                USART6_IRQHandler
                0x080003b0                USART3_IRQHandler
                0x080003b0                CAN1_RX1_IRQHandler
                0x080003b0                UART5_IRQHandler
                0x080003b0                DMA2_Stream0_IRQHandler
                0x080003b0                TIM4_IRQHandler
                0x080003b0                I2C1_EV_IRQHandler
                0x080003b0                DMA1_Stream6_IRQHandler
                0x080003b0                DMA1_Stream1_IRQHandler
                0x080003b0                UART4_IRQHandler
                0x080003b0                TIM3_IRQHandler
                0x080003b0                RCC_IRQHandler
                0x080003b0                TIM8_BRK_TIM12_IRQHandler
                0x080003b0                Default_Handler
                0x080003b0                EXTI15_10_IRQHandler
                0x080003b0                ADC_IRQHandler
                0x080003b0                DMA1_Stream7_IRQHandler
                0x080003b0                TIM7_IRQHandler
                0x080003b0                CAN2_TX_IRQHandler
                0x080003b0                TIM5_IRQHandler
                0x080003b0                DMA2_Stream7_IRQHandler
                0x080003b0                I2C3_EV_IRQHandler
                0x080003b0                EXTI9_5_IRQHandler
                0x080003b0                RTC_WKUP_IRQHandler
                0x080003b0                ETH_WKUP_IRQHandler
                0x080003b0                SPI2_IRQHandler
                0x080003b0                OTG_HS_EP1_IN_IRQHandler
                0x080003b0                MemManage_Handler
                0x080003b0                DMA1_Stream0_IRQHandler
                0x080003b0                CAN1_TX_IRQHandler
                0x080003b0                SVC_Handler
                0x080003b0                EXTI4_IRQHandler
                0x080003b0                FSMC_IRQHandler
                0x080003b0                ETH_IRQHandler
                0x080003b0                OTG_HS_EP1_OUT_IRQHandler
                0x080003b0                WWDG_IRQHandler
                0x080003b0                TIM2_IRQHandler
                0x080003b0                OTG_FS_WKUP_IRQHandler
                0x080003b0                TIM1_TRG_COM_TIM11_IRQHandler
                0x080003b0                OTG_HS_IRQHandler
                0x080003b0                EXTI1_IRQHandler
                0x080003b0                USART2_IRQHandler
                0x080003b0                I2C2_ER_IRQHandler
                0x080003b0                DMA2_Stream1_IRQHandler
                0x080003b0                CAN1_SCE_IRQHandler
                0x080003b0                FLASH_IRQHandler
                0x080003b0                DMA2_Stream4_IRQHandler
                0x080003b0                BusFault_Handler
                0x080003b0                USART1_IRQHandler
                0x080003b0                OTG_FS_IRQHandler
                0x080003b0                SPI3_IRQHandler
                0x080003b0                DMA1_Stream4_IRQHandler
                0x080003b0                I2C1_ER_IRQHandler
                0x080003b0                DMA2_Stream6_IRQHandler
                0x080003b0                DMA1_Stream3_IRQHandler
 *fill*         0x080003b2        0x2 
 .text.__libc_init_array
                0x080003b4       0x48 d:/stm32_workbench/plugins/fr.ac6.mcu.externaltools.arm-none.win32_1.17.0.201812190825/tools/compiler/bin/../lib/gcc/arm-none-eabi/7.3.1/../../../../arm-none-eabi/lib/thumb/v7e-m/fpv4-sp/hard\libc_nano.a(lib_a-init.o)
                0x080003b4                __libc_init_array
 *(.glue_7)
 .glue_7        0x080003fc        0x0 linker stubs
 *(.glue_7t)
 .glue_7t       0x080003fc        0x0 linker stubs
 *(.eh_frame)
 .eh_frame      0x080003fc        0x0 d:/stm32_workbench/plugins/fr.ac6.mcu.externaltools.arm-none.win32_1.17.0.201812190825/tools/compiler/bin/../lib/gcc/arm-none-eabi/7.3.1/thumb/v7e-m/fpv4-sp/hard/crtbegin.o
 *(.init)
 .init          0x080003fc        0x4 d:/stm32_workbench/plugins/fr.ac6.mcu.externaltools.arm-none.win32_1.17.0.201812190825/tools/compiler/bin/../lib/gcc/arm-none-eabi/7.3.1/thumb/v7e-m/fpv4-sp/hard/crti.o
                0x080003fc                _init
 .init          0x08000400        0x8 d:/stm32_workbench/plugins/fr.ac6.mcu.externaltools.arm-none.win32_1.17.0.201812190825/tools/compiler/bin/../lib/gcc/arm-none-eabi/7.3.1/thumb/v7e-m/fpv4-sp/hard/crtn.o
 *(.fini)
 .fini          0x08000408        0x4 d:/stm32_workbench/plugins/fr.ac6.mcu.externaltools.arm-none.win32_1.17.0.201812190825/tools/compiler/bin/../lib/gcc/arm-none-eabi/7.3.1/thumb/v7e-m/fpv4-sp/hard/crti.o
                0x08000408                _fini
 .fini          0x0800040c        0x8 d:/stm32_workbench/plugins/fr.ac6.mcu.externaltools.arm-none.win32_1.17.0.201812190825/tools/compiler/bin/../lib/gcc/arm-none-eabi/7.3.1/thumb/v7e-m/fpv4-sp/hard/crtn.o
                0x08000414                . = ALIGN (0x4)
                0x08000414                _etext = .

.vfp11_veneer   0x08000414        0x0
 .vfp11_veneer  0x08000414        0x0 linker stubs

.v4_bx          0x08000414        0x0
 .v4_bx         0x08000414        0x0 linker stubs

.iplt           0x08000414        0x0
 .iplt          0x08000414        0x0 d:/stm32_workbench/plugins/fr.ac6.mcu.externaltools.arm-none.win32_1.17.0.201812190825/tools/compiler/bin/../lib/gcc/arm-none-eabi/7.3.1/thumb/v7e-m/fpv4-sp/hard/crtbegin.o

.rel.dyn        0x08000414        0x0
 .rel.iplt      0x08000414        0x0 d:/stm32_workbench/plugins/fr.ac6.mcu.externaltools.arm-none.win32_1.17.0.201812190825/tools/compiler/bin/../lib/gcc/arm-none-eabi/7.3.1/thumb/v7e-m/fpv4-sp/hard/crtbegin.o

.rodata         0x08000414        0x0
                0x08000414                . = ALIGN (0x4)
 *(.rodata)
 *(.rodata*)
                0x08000414                . = ALIGN (0x4)

.ARM.extab
 *(.ARM.extab* .gnu.linkonce.armextab.*)

.ARM            0x08000414        0x0
                0x08000414                __exidx_start = .
 *(.ARM.exidx*)
                0x08000414                __exidx_end = .

.preinit_array  0x08000414        0x0
                0x08000414                PROVIDE (__preinit_array_start = .)
 *(.preinit_array*)
                0x08000414                PROVIDE (__preinit_array_end = .)

.init_array     0x08000414        0x4
                0x08000414                PROVIDE (__init_array_start = .)
 *(SORT_BY_NAME(.init_array.*))
 *(.init_array*)
 .init_array    0x08000414        0x4 d:/stm32_workbench/plugins/fr.ac6.mcu.externaltools.arm-none.win32_1.17.0.201812190825/tools/compiler/bin/../lib/gcc/arm-none-eabi/7.3.1/thumb/v7e-m/fpv4-sp/hard/crtbegin.o
                0x08000418                PROVIDE (__init_array_end = .)

.fini_array     0x08000418        0x4
                [!provide]                PROVIDE (__fini_array_start = .)
 *(SORT_BY_NAME(.fini_array.*))
 *(.fini_array*)
 .fini_array    0x08000418        0x4 d:/stm32_workbench/plugins/fr.ac6.mcu.externaltools.arm-none.win32_1.17.0.201812190825/tools/compiler/bin/../lib/gcc/arm-none-eabi/7.3.1/thumb/v7e-m/fpv4-sp/hard/crtbegin.o
                [!provide]                PROVIDE (__fini_array_end = .)
                0x0800041c                _sidata = LOADADDR (.data)

.data           0x20000000        0xc load address 0x0800041c
                0x20000000                . = ALIGN (0x4)
                0x20000000                _sdata = .
 *(.data)
 .data          0x20000000        0x4 Core/Src/system_stm32f4xx.o
                0x20000000                SystemCoreClock
 .data          0x20000004        0x8 Drivers/STM32F4xx_HAL_Driver/Src/stm32f4xx_hal.o
                0x20000004                uwTickFreq
                0x20000008                uwTickPrio
 *(.data*)
                0x2000000c                . = ALIGN (0x4)
                0x2000000c                _edata = .
                0x08000428                _siccmram = LOADADDR (.ccmram)

.igot.plt       0x2000000c        0x0 load address 0x08000428
 .igot.plt      0x2000000c        0x0 d:/stm32_workbench/plugins/fr.ac6.mcu.externaltools.arm-none.win32_1.17.0.201812190825/tools/compiler/bin/../lib/gcc/arm-none-eabi/7.3.1/thumb/v7e-m/fpv4-sp/hard/crtbegin.o

.ccmram         0x10000000        0x0 load address 0x08000428
                0x10000000                . = ALIGN (0x4)
                0x10000000                _sccmram = .
 *(.ccmram)
 *(.ccmram*)
                0x10000000                . = ALIGN (0x4)
                0x10000000                _eccmram = .
                0x10000000                . = ALIGN (0x4)

.bss            0x2000000c       0x1c
                0x2000000c                _sbss = .
                0x2000000c                __bss_start__ = _sbss
 *(.bss)
 .bss           0x2000000c       0x1c d:/stm32_workbench/plugins/fr.ac6.mcu.externaltools.arm-none.win32_1.17.0.201812190825/tools/compiler/bin/../lib/gcc/arm-none-eabi/7.3.1/thumb/v7e-m/fpv4-sp/hard/crtbegin.o
 *(.bss*)
 *(COMMON)
                0x20000028                . = ALIGN (0x4)
                0x20000028                _ebss = .
                0x20000028                __bss_end__ = _ebss

._user_heap_stack
                0x20000028      0x600
                0x20000028                . = ALIGN (0x8)
                0x20000028                PROVIDE (end = .)
                [!provide]                PROVIDE (_end = .)
                0x20000228                . = (. + _Min_Heap_Size)
 *fill*         0x20000028      0x200 
                0x20000628                . = (. + _Min_Stack_Size)
 *fill*         0x20000228      0x400 
                0x20000628                . = ALIGN (0x8)

/DISCARD/
 libc.a(*)
 libm.a(*)
 libgcc.a(*)

.ARM.attributes
                0x00000000       0x30
 *(.ARM.attributes)
 .ARM.attributes
                0x00000000       0x22 d:/stm32_workbench/plugins/fr.ac6.mcu.externaltools.arm-none.win32_1.17.0.201812190825/tools/compiler/bin/../lib/gcc/arm-none-eabi/7.3.1/thumb/v7e-m/fpv4-sp/hard/crti.o
 .ARM.attributes
                0x00000022       0x34 d:/stm32_workbench/plugins/fr.ac6.mcu.externaltools.arm-none.win32_1.17.0.201812190825/tools/compiler/bin/../lib/gcc/arm-none-eabi/7.3.1/thumb/v7e-m/fpv4-sp/hard/crtbegin.o
 .ARM.attributes
                0x00000056       0x39 Core/Src/main.o
 .ARM.attributes
                0x0000008f       0x39 Core/Src/msp.o
 .ARM.attributes
                0x000000c8       0x39 Core/Src/system_stm32f4xx.o
 .ARM.attributes
                0x00000101       0x39 Drivers/STM32F4xx_HAL_Driver/Src/stm32f4xx_hal.o
 .ARM.attributes
                0x0000013a       0x39 Drivers/STM32F4xx_HAL_Driver/Src/stm32f4xx_hal_cortex.o
 .ARM.attributes
                0x00000173       0x21 startup/startup_stm32f407xx.o
 .ARM.attributes
                0x00000194       0x34 d:/stm32_workbench/plugins/fr.ac6.mcu.externaltools.arm-none.win32_1.17.0.201812190825/tools/compiler/bin/../lib/gcc/arm-none-eabi/7.3.1/../../../../arm-none-eabi/lib/thumb/v7e-m/fpv4-sp/hard\libc_nano.a(lib_a-init.o)
 .ARM.attributes
                0x000001c8       0x22 d:/stm32_workbench/plugins/fr.ac6.mcu.externaltools.arm-none.win32_1.17.0.201812190825/tools/compiler/bin/../lib/gcc/arm-none-eabi/7.3.1/thumb/v7e-m/fpv4-sp/hard/crtn.o
OUTPUT(UART2_example.elf elf32-littlearm)

.debug_info     0x00000000     0x2689
 .debug_info    0x00000000      0x1c1 Core/Src/main.o
 .debug_info    0x000001c1      0x5d0 Core/Src/msp.o
 .debug_info    0x00000791      0x559 Core/Src/system_stm32f4xx.o
 .debug_info    0x00000cea      0x9f1 Drivers/STM32F4xx_HAL_Driver/Src/stm32f4xx_hal.o
 .debug_info    0x000016db      0xf8c Drivers/STM32F4xx_HAL_Driver/Src/stm32f4xx_hal_cortex.o
 .debug_info    0x00002667       0x22 startup/startup_stm32f407xx.o

.debug_abbrev   0x00000000      0x85c
 .debug_abbrev  0x00000000       0xe4 Core/Src/main.o
 .debug_abbrev  0x000000e4      0x126 Core/Src/msp.o
 .debug_abbrev  0x0000020a      0x12b Core/Src/system_stm32f4xx.o
 .debug_abbrev  0x00000335      0x1ed Drivers/STM32F4xx_HAL_Driver/Src/stm32f4xx_hal.o
 .debug_abbrev  0x00000522      0x328 Drivers/STM32F4xx_HAL_Driver/Src/stm32f4xx_hal_cortex.o
 .debug_abbrev  0x0000084a       0x12 startup/startup_stm32f407xx.o

.debug_aranges  0x00000000      0x238
 .debug_aranges
                0x00000000       0x30 Core/Src/main.o
 .debug_aranges
                0x00000030       0x20 Core/Src/msp.o
 .debug_aranges
                0x00000050       0x28 Core/Src/system_stm32f4xx.o
 .debug_aranges
                0x00000078       0xf0 Drivers/STM32F4xx_HAL_Driver/Src/stm32f4xx_hal.o
 .debug_aranges
                0x00000168       0xa8 Drivers/STM32F4xx_HAL_Driver/Src/stm32f4xx_hal_cortex.o
 .debug_aranges
                0x00000210       0x28 startup/startup_stm32f407xx.o

.debug_ranges   0x00000000      0x240
 .debug_ranges  0x00000000       0x20 Core/Src/main.o
 .debug_ranges  0x00000020       0x10 Core/Src/msp.o
 .debug_ranges  0x00000030       0x18 Core/Src/system_stm32f4xx.o
 .debug_ranges  0x00000048       0xe0 Drivers/STM32F4xx_HAL_Driver/Src/stm32f4xx_hal.o
 .debug_ranges  0x00000128       0xf8 Drivers/STM32F4xx_HAL_Driver/Src/stm32f4xx_hal_cortex.o
 .debug_ranges  0x00000220       0x20 startup/startup_stm32f407xx.o

.debug_macro    0x00000000    0x1ea30
 .debug_macro   0x00000000      0x210 Core/Src/main.o
 .debug_macro   0x00000210      0x2a6 Core/Src/main.o
 .debug_macro   0x000004b6       0x2e Core/Src/main.o
 .debug_macro   0x000004e4       0x2f Core/Src/main.o
 .debug_macro   0x00000513       0x22 Core/Src/main.o
 .debug_macro   0x00000535       0x8e Core/Src/main.o
 .debug_macro   0x000005c3       0x51 Core/Src/main.o
 .debug_macro   0x00000614       0xef Core/Src/main.o
 .debug_macro   0x00000703       0x6a Core/Src/main.o
 .debug_macro   0x0000076d      0x1df Core/Src/main.o
 .debug_macro   0x0000094c       0x1c Core/Src/main.o
 .debug_macro   0x00000968       0x22 Core/Src/main.o
 .debug_macro   0x0000098a       0xdf Core/Src/main.o
 .debug_macro   0x00000a69     0x102d Core/Src/main.o
 .debug_macro   0x00001a96      0x11f Core/Src/main.o
 .debug_macro   0x00001bb5    0x15e3c Core/Src/main.o
 .debug_macro   0x000179f1       0x43 Core/Src/main.o
 .debug_macro   0x00017a34     0x3659 Core/Src/main.o
 .debug_macro   0x0001b08d      0x174 Core/Src/main.o
 .debug_macro   0x0001b201       0x5a Core/Src/main.o
 .debug_macro   0x0001b25b      0x96b Core/Src/main.o
 .debug_macro   0x0001bbc6      0x9fe Core/Src/main.o
 .debug_macro   0x0001c5c4      0x117 Core/Src/main.o
 .debug_macro   0x0001c6db      0x13e Core/Src/main.o
 .debug_macro   0x0001c819       0x27 Core/Src/main.o
 .debug_macro   0x0001c840      0x174 Core/Src/main.o
 .debug_macro   0x0001c9b4      0x287 Core/Src/main.o
 .debug_macro   0x0001cc3b       0x5f Core/Src/main.o
 .debug_macro   0x0001cc9a      0x236 Core/Src/main.o
 .debug_macro   0x0001ced0      0x12c Core/Src/main.o
 .debug_macro   0x0001cffc      0x21e Core/Src/main.o
 .debug_macro   0x0001d21a       0x2e Core/Src/main.o
 .debug_macro   0x0001d248      0x1b5 Core/Src/main.o
 .debug_macro   0x0001d3fd       0xd6 Core/Src/main.o
 .debug_macro   0x0001d4d3      0x1a7 Core/Src/main.o
 .debug_macro   0x0001d67a       0x46 Core/Src/main.o
 .debug_macro   0x0001d6c0       0x4a Core/Src/main.o
 .debug_macro   0x0001d70a      0x11a Core/Src/main.o
 .debug_macro   0x0001d824       0x7e Core/Src/main.o
 .debug_macro   0x0001d8a2       0x89 Core/Src/main.o
 .debug_macro   0x0001d92b      0x225 Core/Src/main.o
 .debug_macro   0x0001db50      0x287 Core/Src/main.o
 .debug_macro   0x0001ddd7      0x21e Core/Src/main.o
 .debug_macro   0x0001dff5       0x68 Core/Src/main.o
 .debug_macro   0x0001e05d      0x12d Core/Src/main.o
 .debug_macro   0x0001e18a      0x210 Core/Src/msp.o
 .debug_macro   0x0001e39a      0x216 Core/Src/system_stm32f4xx.o
 .debug_macro   0x0001e5b0      0x270 Drivers/STM32F4xx_HAL_Driver/Src/stm32f4xx_hal.o
 .debug_macro   0x0001e820      0x210 Drivers/STM32F4xx_HAL_Driver/Src/stm32f4xx_hal_cortex.o

.debug_line     0x00000000     0x27c5
 .debug_line    0x00000000      0x702 Core/Src/main.o
 .debug_line    0x00000702      0x6e5 Core/Src/msp.o
 .debug_line    0x00000de7      0x71c Core/Src/system_stm32f4xx.o
 .debug_line    0x00001503      0x8f9 Drivers/STM32F4xx_HAL_Driver/Src/stm32f4xx_hal.o
 .debug_line    0x00001dfc      0x94b Drivers/STM32F4xx_HAL_Driver/Src/stm32f4xx_hal_cortex.o
 .debug_line    0x00002747       0x7e startup/startup_stm32f407xx.o

.debug_str      0x00000000    0xc1e02
 .debug_str     0x00000000    0xc0dc4 Core/Src/main.o
                              0xc1034 (size before relaxing)
 .debug_str     0x000c0dc4      0x57f Core/Src/msp.o
                              0xc1592 (size before relaxing)
 .debug_str     0x000c1343      0x15d Core/Src/system_stm32f4xx.o
                              0xc11b6 (size before relaxing)
 .debug_str     0x000c14a0      0x5c4 Drivers/STM32F4xx_HAL_Driver/Src/stm32f4xx_hal.o
                              0xc1cc8 (size before relaxing)
 .debug_str     0x000c1a64      0x36f Drivers/STM32F4xx_HAL_Driver/Src/stm32f4xx_hal_cortex.o
                              0xc1a72 (size before relaxing)
 .debug_str     0x000c1dd3       0x2f startup/startup_stm32f407xx.o
                                 0x55 (size before relaxing)

.comment        0x00000000       0x7f
 .comment       0x00000000       0x7f Core/Src/main.o
                                 0x80 (size before relaxing)
 .comment       0x0000007f       0x80 Core/Src/msp.o
 .comment       0x0000007f       0x80 Core/Src/system_stm32f4xx.o
 .comment       0x0000007f       0x80 Drivers/STM32F4xx_HAL_Driver/Src/stm32f4xx_hal.o
 .comment       0x0000007f       0x80 Drivers/STM32F4xx_HAL_Driver/Src/stm32f4xx_hal_cortex.o

.debug_frame    0x00000000      0x414
 .debug_frame   0x00000000       0x48 Core/Src/main.o
 .debug_frame   0x00000048       0x28 Core/Src/msp.o
 .debug_frame   0x00000070       0x30 Core/Src/system_stm32f4xx.o
 .debug_frame   0x000000a0      0x1ec Drivers/STM32F4xx_HAL_Driver/Src/stm32f4xx_hal.o
 .debug_frame   0x0000028c      0x15c Drivers/STM32F4xx_HAL_Driver/Src/stm32f4xx_hal_cortex.o
 .debug_frame   0x000003e8       0x2c d:/stm32_workbench/plugins/fr.ac6.mcu.externaltools.arm-none.win32_1.17.0.201812190825/tools/compiler/bin/../lib/gcc/arm-none-eabi/7.3.1/../../../../arm-none-eabi/lib/thumb/v7e-m/fpv4-sp/hard\libc_nano.a(lib_a-init.o)

.debug_loc      0x00000000      0x827
 .debug_loc     0x00000000      0x13e Core/Src/system_stm32f4xx.o
 .debug_loc     0x0000013e      0x11b Drivers/STM32F4xx_HAL_Driver/Src/stm32f4xx_hal.o
 .debug_loc     0x00000259      0x5ce Drivers/STM32F4xx_HAL_Driver/Src/stm32f4xx_hal_cortex.o
