Archive member included to satisfy reference by file (symbol)

d:/stm32_workbench/plugins/fr.ac6.mcu.externaltools.arm-none.win32_1.17.0.201812190825/tools/compiler/bin/../lib/gcc/arm-none-eabi/7.3.1/thumb/v7e-m/fpv4-sp/hard\libgcc.a(_aeabi_uldivmod.o)
                              Drivers/STM32F4xx_HAL_Driver/Src/stm32f4xx_hal_rcc.o (__aeabi_uldivmod)
d:/stm32_workbench/plugins/fr.ac6.mcu.externaltools.arm-none.win32_1.17.0.201812190825/tools/compiler/bin/../lib/gcc/arm-none-eabi/7.3.1/thumb/v7e-m/fpv4-sp/hard\libgcc.a(_udivmoddi4.o)
                              d:/stm32_workbench/plugins/fr.ac6.mcu.externaltools.arm-none.win32_1.17.0.201812190825/tools/compiler/bin/../lib/gcc/arm-none-eabi/7.3.1/thumb/v7e-m/fpv4-sp/hard\libgcc.a(_aeabi_uldivmod.o) (__udivmoddi4)
d:/stm32_workbench/plugins/fr.ac6.mcu.externaltools.arm-none.win32_1.17.0.201812190825/tools/compiler/bin/../lib/gcc/arm-none-eabi/7.3.1/thumb/v7e-m/fpv4-sp/hard\libgcc.a(_dvmd_tls.o)
                              d:/stm32_workbench/plugins/fr.ac6.mcu.externaltools.arm-none.win32_1.17.0.201812190825/tools/compiler/bin/../lib/gcc/arm-none-eabi/7.3.1/thumb/v7e-m/fpv4-sp/hard\libgcc.a(_aeabi_uldivmod.o) (__aeabi_ldiv0)
d:/stm32_workbench/plugins/fr.ac6.mcu.externaltools.arm-none.win32_1.17.0.201812190825/tools/compiler/bin/../lib/gcc/arm-none-eabi/7.3.1/../../../../arm-none-eabi/lib/thumb/v7e-m/fpv4-sp/hard\libc_nano.a(lib_a-errno.o)
                              Core/Src/syscalls.o (__errno)
d:/stm32_workbench/plugins/fr.ac6.mcu.externaltools.arm-none.win32_1.17.0.201812190825/tools/compiler/bin/../lib/gcc/arm-none-eabi/7.3.1/../../../../arm-none-eabi/lib/thumb/v7e-m/fpv4-sp/hard\libc_nano.a(lib_a-exit.o)
                              d:/stm32_workbench/plugins/fr.ac6.mcu.externaltools.arm-none.win32_1.17.0.201812190825/tools/compiler/bin/../lib/gcc/arm-none-eabi/7.3.1/../../../../arm-none-eabi/lib/thumb/v7e-m/fpv4-sp/hard/crt0.o (exit)
d:/stm32_workbench/plugins/fr.ac6.mcu.externaltools.arm-none.win32_1.17.0.201812190825/tools/compiler/bin/../lib/gcc/arm-none-eabi/7.3.1/../../../../arm-none-eabi/lib/thumb/v7e-m/fpv4-sp/hard\libc_nano.a(lib_a-impure.o)
                              d:/stm32_workbench/plugins/fr.ac6.mcu.externaltools.arm-none.win32_1.17.0.201812190825/tools/compiler/bin/../lib/gcc/arm-none-eabi/7.3.1/../../../../arm-none-eabi/lib/thumb/v7e-m/fpv4-sp/hard\libc_nano.a(lib_a-exit.o) (_global_impure_ptr)
d:/stm32_workbench/plugins/fr.ac6.mcu.externaltools.arm-none.win32_1.17.0.201812190825/tools/compiler/bin/../lib/gcc/arm-none-eabi/7.3.1/../../../../arm-none-eabi/lib/thumb/v7e-m/fpv4-sp/hard\libc_nano.a(lib_a-init.o)
                              d:/stm32_workbench/plugins/fr.ac6.mcu.externaltools.arm-none.win32_1.17.0.201812190825/tools/compiler/bin/../lib/gcc/arm-none-eabi/7.3.1/../../../../arm-none-eabi/lib/thumb/v7e-m/fpv4-sp/hard/crt0.o (__libc_init_array)
d:/stm32_workbench/plugins/fr.ac6.mcu.externaltools.arm-none.win32_1.17.0.201812190825/tools/compiler/bin/../lib/gcc/arm-none-eabi/7.3.1/../../../../arm-none-eabi/lib/thumb/v7e-m/fpv4-sp/hard\libc_nano.a(lib_a-memset.o)
                              d:/stm32_workbench/plugins/fr.ac6.mcu.externaltools.arm-none.win32_1.17.0.201812190825/tools/compiler/bin/../lib/gcc/arm-none-eabi/7.3.1/../../../../arm-none-eabi/lib/thumb/v7e-m/fpv4-sp/hard/crt0.o (memset)

Allocating common symbols
Common symbol       size              file

uwTick              0x4               Drivers/STM32F4xx_HAL_Driver/Src/stm32f4xx_hal.o
pFlash              0x20              Drivers/STM32F4xx_HAL_Driver/Src/stm32f4xx_hal_flash.o
htim6               0x40              Core/Src/main.o
huart2              0x40              Core/Src/main.o

Discarded input sections

 .text          0x00000000        0x0 d:/stm32_workbench/plugins/fr.ac6.mcu.externaltools.arm-none.win32_1.17.0.201812190825/tools/compiler/bin/../lib/gcc/arm-none-eabi/7.3.1/thumb/v7e-m/fpv4-sp/hard/crti.o
 .data          0x00000000        0x0 d:/stm32_workbench/plugins/fr.ac6.mcu.externaltools.arm-none.win32_1.17.0.201812190825/tools/compiler/bin/../lib/gcc/arm-none-eabi/7.3.1/thumb/v7e-m/fpv4-sp/hard/crti.o
 .bss           0x00000000        0x0 d:/stm32_workbench/plugins/fr.ac6.mcu.externaltools.arm-none.win32_1.17.0.201812190825/tools/compiler/bin/../lib/gcc/arm-none-eabi/7.3.1/thumb/v7e-m/fpv4-sp/hard/crti.o
 .data          0x00000000        0x4 d:/stm32_workbench/plugins/fr.ac6.mcu.externaltools.arm-none.win32_1.17.0.201812190825/tools/compiler/bin/../lib/gcc/arm-none-eabi/7.3.1/thumb/v7e-m/fpv4-sp/hard/crtbegin.o
 .text          0x00000000       0x74 d:/stm32_workbench/plugins/fr.ac6.mcu.externaltools.arm-none.win32_1.17.0.201812190825/tools/compiler/bin/../lib/gcc/arm-none-eabi/7.3.1/../../../../arm-none-eabi/lib/thumb/v7e-m/fpv4-sp/hard/crt0.o
[...]
Memory Configuration

Name             Origin             Length             Attributes
RAM              0x20000000         0x00020000         xrw
FLASH            0x08000000         0x00080000         xr
*default*        0x00000000         0xffffffff

Linker script and memory map

LOAD d:/stm32_workbench/plugins/fr.ac6.mcu.externaltools.arm-none.win32_1.17.0.201812190825/tools/compiler/bin/../lib/gcc/arm-none-eabi/7.3.1/thumb/v7e-m/fpv4-sp/hard/crti.o
LOAD d:/stm32_workbench/plugins/fr.ac6.mcu.externaltools.arm-none.win32_1.17.0.201812190825/tools/compiler/bin/../lib/gcc/arm-none-eabi/7.3.1/thumb/v7e-m/fpv4-sp/hard/crtbegin.o
LOAD d:/stm32_workbench/plugins/fr.ac6.mcu.externaltools.arm-none.win32_1.17.0.201812190825/tools/compiler/bin/../lib/gcc/arm-none-eabi/7.3.1/../../../../arm-none-eabi/lib/thumb/v7e-m/fpv4-sp/hard/crt0.o
LOAD Core/Src/main.o
LOAD Core/Src/stm32f4xx_hal_msp.o
LOAD Core/Src/stm32f4xx_it.o
LOAD Core/Src/syscalls.o
LOAD Core/Src/system_stm32f4xx.o
LOAD Drivers/STM32F4xx_HAL_Driver/Src/stm32f4xx_hal.o
LOAD Drivers/STM32F4xx_HAL_Driver/Src/stm32f4xx_hal_cortex.o
LOAD Drivers/STM32F4xx_HAL_Driver/Src/stm32f4xx_hal_dma.o
LOAD Drivers/STM32F4xx_HAL_Driver/Src/stm32f4xx_hal_dma_ex.o
LOAD Drivers/STM32F4xx_HAL_Driver/Src/stm32f4xx_hal_exti.o
LOAD Drivers/STM32F4xx_HAL_Driver/Src/stm32f4xx_hal_flash.o
LOAD Drivers/STM32F4xx_HAL_Driver/Src/stm32f4xx_hal_flash_ex.o
LOAD Drivers/STM32F4xx_HAL_Driver/Src/stm32f4xx_hal_flash_ramfunc.o
LOAD Drivers/STM32F4xx_HAL_Driver/Src/stm32f4xx_hal_gpio.o
LOAD Drivers/STM32F4xx_HAL_Driver/Src/stm32f4xx_hal_pwr.o
LOAD Drivers/STM32F4xx_HAL_Driver/Src/stm32f4xx_hal_pwr_ex.o
LOAD Drivers/STM32F4xx_HAL_Driver/Src/stm32f4xx_hal_rcc.o
LOAD Drivers/STM32F4xx_HAL_Driver/Src/stm32f4xx_hal_rcc_ex.o
LOAD Drivers/STM32F4xx_HAL_Driver/Src/stm32f4xx_hal_tim.o
LOAD Drivers/STM32F4xx_HAL_Driver/Src/stm32f4xx_hal_tim_ex.o
LOAD Drivers/STM32F4xx_HAL_Driver/Src/stm32f4xx_hal_uart.o
LOAD startup/startup_stm32f446xx.o
LOAD d:/stm32_workbench/plugins/fr.ac6.mcu.externaltools.arm-none.win32_1.17.0.201812190825/tools/compiler/bin/../lib/gcc/arm-none-eabi/7.3.1/../../../../arm-none-eabi/lib/thumb/v7e-m/fpv4-sp/hard\libm.a
START GROUP
LOAD d:/stm32_workbench/plugins/fr.ac6.mcu.externaltools.arm-none.win32_1.17.0.201812190825/tools/compiler/bin/../lib/gcc/arm-none-eabi/7.3.1/thumb/v7e-m/fpv4-sp/hard\libgcc.a
LOAD d:/stm32_workbench/plugins/fr.ac6.mcu.externaltools.arm-none.win32_1.17.0.201812190825/tools/compiler/bin/../lib/gcc/arm-none-eabi/7.3.1/../../../../arm-none-eabi/lib/thumb/v7e-m/fpv4-sp/hard\libc_nano.a
END GROUP
START GROUP
LOAD d:/stm32_workbench/plugins/fr.ac6.mcu.externaltools.arm-none.win32_1.17.0.201812190825/tools/compiler/bin/../lib/gcc/arm-none-eabi/7.3.1/thumb/v7e-m/fpv4-sp/hard\libgcc.a
LOAD d:/stm32_workbench/plugins/fr.ac6.mcu.externaltools.arm-none.win32_1.17.0.201812190825/tools/compiler/bin/../lib/gcc/arm-none-eabi/7.3.1/../../../../arm-none-eabi/lib/thumb/v7e-m/fpv4-sp/hard\libc_nano.a
LOAD d:/stm32_workbench/plugins/fr.ac6.mcu.externaltools.arm-none.win32_1.17.0.201812190825/tools/compiler/bin/../lib/gcc/arm-none-eabi/7.3.1/../../../../arm-none-eabi/lib/thumb/v7e-m/fpv4-sp/hard\libnosys.a
END GROUP
START GROUP
LOAD d:/stm32_workbench/plugins/fr.ac6.mcu.externaltools.arm-none.win32_1.17.0.201812190825/tools/compiler/bin/../lib/gcc/arm-none-eabi/7.3.1/thumb/v7e-m/fpv4-sp/hard\libgcc.a
LOAD d:/stm32_workbench/plugins/fr.ac6.mcu.externaltools.arm-none.win32_1.17.0.201812190825/tools/compiler/bin/../lib/gcc/arm-none-eabi/7.3.1/../../../../arm-none-eabi/lib/thumb/v7e-m/fpv4-sp/hard\libc_nano.a
LOAD d:/stm32_workbench/plugins/fr.ac6.mcu.externaltools.arm-none.win32_1.17.0.201812190825/tools/compiler/bin/../lib/gcc/arm-none-eabi/7.3.1/../../../../arm-none-eabi/lib/thumb/v7e-m/fpv4-sp/hard\libnosys.a
END GROUP
LOAD d:/stm32_workbench/plugins/fr.ac6.mcu.externaltools.arm-none.win32_1.17.0.201812190825/tools/compiler/bin/../lib/gcc/arm-none-eabi/7.3.1/thumb/v7e-m/fpv4-sp/hard/crtend.o
LOAD d:/stm32_workbench/plugins/fr.ac6.mcu.externaltools.arm-none.win32_1.17.0.201812190825/tools/compiler/bin/../lib/gcc/arm-none-eabi/7.3.1/thumb/v7e-m/fpv4-sp/hard/crtn.o
                0x20020000                _estack = 0x20020000
                0x00000200                _Min_Heap_Size = 0x200
                0x00000400                _Min_Stack_Size = 0x400

.isr_vector     0x08000000      0x1c4
                0x08000000                . = ALIGN (0x4)
 *(.isr_vector)
 .isr_vector    0x08000000      0x1c4 startup/startup_stm32f446xx.o
                0x08000000                g_pfnVectors
                0x080001c4                . = ALIGN (0x4)

.text           0x080001c4     0x1510
                0x080001c4                . = ALIGN (0x4)
 *(.text)
 .text          0x080001c4       0x40 d:/stm32_workbench/plugins/fr.ac6.mcu.externaltools.arm-none.win32_1.17.0.201812190825/tools/compiler/bin/../lib/gcc/arm-none-eabi/7.3.1/thumb/v7e-m/fpv4-sp/hard/crtbegin.o
 .text          0x08000204       0x30 d:/stm32_workbench/plugins/fr.ac6.mcu.externaltools.arm-none.win32_1.17.0.201812190825/tools/compiler/bin/../lib/gcc/arm-none-eabi/7.3.1/thumb/v7e-m/fpv4-sp/hard\libgcc.a(_aeabi_uldivmod.o)
                0x08000204                __aeabi_uldivmod
 .text          0x08000234      0x2cc d:/stm32_workbench/plugins/fr.ac6.mcu.externaltools.arm-none.win32_1.17.0.201812190825/tools/compiler/bin/../lib/gcc/arm-none-eabi/7.3.1/thumb/v7e-m/fpv4-sp/hard\libgcc.a(_udivmoddi4.o)
                0x08000234                __udivmoddi4
 .text          0x08000500        0x4 d:/stm32_workbench/plugins/fr.ac6.mcu.externaltools.arm-none.win32_1.17.0.201812190825/tools/compiler/bin/../lib/gcc/arm-none-eabi/7.3.1/thumb/v7e-m/fpv4-sp/hard\libgcc.a(_dvmd_tls.o)
                0x08000500                __aeabi_idiv0
                0x08000500                __aeabi_ldiv0
 *(.text*)
 .text.MX_GPIO_Init
                0x08000504       0xac Core/Src/main.o
 .text.Error_Handler
                0x080005b0        0x4 Core/Src/main.o
                0x080005b0                Error_Handler
 .text.MX_TIM6_Init
                0x080005b4       0x48 Core/Src/main.o
 .text.MX_USART2_UART_Init
                0x080005fc       0x34 Core/Src/main.o
 .text.SystemClock_Config
                0x08000630       0xa4 Core/Src/main.o
                0x08000630                SystemClock_Config
 .text.main     0x080006d4       0x18 Core/Src/main.o
                0x080006d4                main
 .text.HAL_MspInit
                0x080006ec       0x40 Core/Src/stm32f4xx_hal_msp.o
                0x080006ec                HAL_MspInit
 .text.HAL_TIM_Base_MspInit
                0x0800072c       0x30 Core/Src/stm32f4xx_hal_msp.o
                0x0800072c                HAL_TIM_Base_MspInit
 .text.HAL_UART_MspInit
                0x0800075c       0x70 Core/Src/stm32f4xx_hal_msp.o
                0x0800075c                HAL_UART_MspInit
 .text.NMI_Handler
                0x080007cc        0x2 Core/Src/stm32f4xx_it.o
                0x080007cc                NMI_Handler
 .text.HardFault_Handler
                0x080007ce        0x2 Core/Src/stm32f4xx_it.o
                0x080007ce                HardFault_Handler
 .text.MemManage_Handler
                0x080007d0        0x2 Core/Src/stm32f4xx_it.o
                0x080007d0                MemManage_Handler
 .text.BusFault_Handler
                0x080007d2        0x2 Core/Src/stm32f4xx_it.o
                0x080007d2                BusFault_Handler
 .text.UsageFault_Handler
                0x080007d4        0x2 Core/Src/stm32f4xx_it.o
                0x080007d4                UsageFault_Handler
 .text.SVC_Handler
                0x080007d6        0x2 Core/Src/stm32f4xx_it.o
                0x080007d6                SVC_Handler
 .text.DebugMon_Handler
                0x080007d8        0x2 Core/Src/stm32f4xx_it.o
                0x080007d8                DebugMon_Handler
 .text.PendSV_Handler
                0x080007da        0x2 Core/Src/stm32f4xx_it.o
                0x080007da                PendSV_Handler
 .text.SysTick_Handler
                0x080007dc        0x8 Core/Src/stm32f4xx_it.o
                0x080007dc                SysTick_Handler
 .text.SystemInit
                0x080007e4       0x1c Core/Src/system_stm32f4xx.o
                0x080007e4                SystemInit
 .text.HAL_InitTick
                0x08000800       0x48 Drivers/STM32F4xx_HAL_Driver/Src/stm32f4xx_hal.o
                0x08000800                HAL_InitTick
 .text.HAL_Init
                0x08000848       0x34 Drivers/STM32F4xx_HAL_Driver/Src/stm32f4xx_hal.o
                0x08000848                HAL_Init
 .text.HAL_IncTick
                0x0800087c       0x18 Drivers/STM32F4xx_HAL_Driver/Src/stm32f4xx_hal.o
                0x0800087c                HAL_IncTick
 .text.HAL_GetTick
                0x08000894        0xc Drivers/STM32F4xx_HAL_Driver/Src/stm32f4xx_hal.o
                0x08000894                HAL_GetTick
 .text.HAL_NVIC_SetPriorityGrouping
                0x080008a0       0x24 Drivers/STM32F4xx_HAL_Driver/Src/stm32f4xx_hal_cortex.o
                0x080008a0                HAL_NVIC_SetPriorityGrouping
 .text.HAL_NVIC_SetPriority
                0x080008c4       0x68 Drivers/STM32F4xx_HAL_Driver/Src/stm32f4xx_hal_cortex.o
                0x080008c4                HAL_NVIC_SetPriority
 .text.HAL_SYSTICK_Config
                0x0800092c       0x2c Drivers/STM32F4xx_HAL_Driver/Src/stm32f4xx_hal_cortex.o
                0x0800092c                HAL_SYSTICK_Config
 .text.HAL_GPIO_Init
                0x08000958      0x1bc Drivers/STM32F4xx_HAL_Driver/Src/stm32f4xx_hal_gpio.o
                0x08000958                HAL_GPIO_Init
 .text.HAL_GPIO_WritePin
                0x08000b14        0xc Drivers/STM32F4xx_HAL_Driver/Src/stm32f4xx_hal_gpio.o
                0x08000b14                HAL_GPIO_WritePin
 .text.HAL_RCC_ClockConfig
                0x08000b20      0x160 Drivers/STM32F4xx_HAL_Driver/Src/stm32f4xx_hal_rcc.o
                0x08000b20                HAL_RCC_ClockConfig
 .text.HAL_RCC_GetHCLKFreq
                0x08000c80        0xc Drivers/STM32F4xx_HAL_Driver/Src/stm32f4xx_hal_rcc.o
                0x08000c80                HAL_RCC_GetHCLKFreq
 .text.HAL_RCC_GetPCLK1Freq
                0x08000c8c       0x20 Drivers/STM32F4xx_HAL_Driver/Src/stm32f4xx_hal_rcc.o
                0x08000c8c                HAL_RCC_GetPCLK1Freq
 .text.HAL_RCC_GetPCLK2Freq
                0x08000cac       0x20 Drivers/STM32F4xx_HAL_Driver/Src/stm32f4xx_hal_rcc.o
                0x08000cac                HAL_RCC_GetPCLK2Freq
 .text.HAL_RCC_GetSysClockFreq
                0x08000ccc      0x184 Drivers/STM32F4xx_HAL_Driver/Src/stm32f4xx_hal_rcc_ex.o
                0x08000ccc                HAL_RCC_GetSysClockFreq
 .text.HAL_RCC_OscConfig
                0x08000e50      0x3c4 Drivers/STM32F4xx_HAL_Driver/Src/stm32f4xx_hal_rcc_ex.o
                0x08000e50                HAL_RCC_OscConfig
 .text.TIM_Base_SetConfig
                0x08001214       0xc8 Drivers/STM32F4xx_HAL_Driver/Src/stm32f4xx_hal_tim.o
                0x08001214                TIM_Base_SetConfig
 .text.HAL_TIM_Base_Init
                0x080012dc       0x32 Drivers/STM32F4xx_HAL_Driver/Src/stm32f4xx_hal_tim.o
                0x080012dc                HAL_TIM_Base_Init
 *fill*         0x0800130e        0x2 
 .text.HAL_TIMEx_MasterConfigSynchronization
                0x08001310       0x88 Drivers/STM32F4xx_HAL_Driver/Src/stm32f4xx_hal_tim_ex.o
                0x08001310                HAL_TIMEx_MasterConfigSynchronization
 .text.UART_SetConfig
                0x08001398      0x218 Drivers/STM32F4xx_HAL_Driver/Src/stm32f4xx_hal_uart.o
 .text.HAL_UART_Init
                0x080015b0       0x5e Drivers/STM32F4xx_HAL_Driver/Src/stm32f4xx_hal_uart.o
                0x080015b0                HAL_UART_Init
 *fill*         0x0800160e        0x2 
 .text.Reset_Handler
                0x08001610       0x50 startup/startup_stm32f446xx.o
                0x08001610                Reset_Handler
 .text.Default_Handler
                0x08001660        0x2 startup/startup_stm32f446xx.o
                0x08001660                RTC_Alarm_IRQHandler
                0x08001660                EXTI2_IRQHandler
                0x08001660                TIM8_CC_IRQHandler
                0x08001660                FMPI2C1_EV_IRQHandler
                0x08001660                SPI4_IRQHandler
                0x08001660                TIM1_CC_IRQHandler
                0x08001660                DMA2_Stream5_IRQHandler
                0x08001660                DMA1_Stream5_IRQHandler
                0x08001660                PVD_IRQHandler
                0x08001660                SDIO_IRQHandler
                0x08001660                TAMP_STAMP_IRQHandler
                0x08001660                CAN2_RX1_IRQHandler
                0x08001660                EXTI3_IRQHandler
                0x08001660                TIM8_TRG_COM_TIM14_IRQHandler
                0x08001660                TIM1_UP_TIM10_IRQHandler
                0x08001660                TIM8_UP_TIM13_IRQHandler
                0x08001660                I2C3_ER_IRQHandler
                0x08001660                EXTI0_IRQHandler
                0x08001660                I2C2_EV_IRQHandler
                0x08001660                DMA1_Stream2_IRQHandler
                0x08001660                CAN1_RX0_IRQHandler
                0x08001660                FPU_IRQHandler
                0x08001660                OTG_HS_WKUP_IRQHandler
                0x08001660                CAN2_SCE_IRQHandler
                0x08001660                DMA2_Stream2_IRQHandler
                0x08001660                SPI1_IRQHandler
                0x08001660                TIM6_DAC_IRQHandler
                0x08001660                TIM1_BRK_TIM9_IRQHandler
                0x08001660                DCMI_IRQHandler
                0x08001660                CAN2_RX0_IRQHandler
                0x08001660                DMA2_Stream3_IRQHandler
                0x08001660                SAI2_IRQHandler
                0x08001660                USART6_IRQHandler
                0x08001660                USART3_IRQHandler
                0x08001660                CAN1_RX1_IRQHandler
                0x08001660                UART5_IRQHandler
                0x08001660                DMA2_Stream0_IRQHandler
                0x08001660                TIM4_IRQHandler
                0x08001660                QUADSPI_IRQHandler
                0x08001660                I2C1_EV_IRQHandler
                0x08001660                DMA1_Stream6_IRQHandler
                0x08001660                DMA1_Stream1_IRQHandler
                0x08001660                UART4_IRQHandler
                0x08001660                TIM3_IRQHandler
                0x08001660                RCC_IRQHandler
                0x08001660                TIM8_BRK_TIM12_IRQHandler
                0x08001660                Default_Handler
                0x08001660                CEC_IRQHandler
                0x08001660                EXTI15_10_IRQHandler
                0x08001660                ADC_IRQHandler
                0x08001660                DMA1_Stream7_IRQHandler
                0x08001660                TIM7_IRQHandler
                0x08001660                CAN2_TX_IRQHandler
                0x08001660                TIM5_IRQHandler
                0x08001660                DMA2_Stream7_IRQHandler
                0x08001660                I2C3_EV_IRQHandler
                0x08001660                EXTI9_5_IRQHandler
                0x08001660                RTC_WKUP_IRQHandler
                0x08001660                SPDIF_RX_IRQHandler
                0x08001660                SPI2_IRQHandler
                0x08001660                OTG_HS_EP1_IN_IRQHandler
                0x08001660                DMA1_Stream0_IRQHandler
                0x08001660                CAN1_TX_IRQHandler
                0x08001660                FMPI2C1_ER_IRQHandler
                0x08001660                EXTI4_IRQHandler
                0x08001660                OTG_HS_EP1_OUT_IRQHandler
                0x08001660                WWDG_IRQHandler
                0x08001660                TIM2_IRQHandler
                0x08001660                OTG_FS_WKUP_IRQHandler
                0x08001660                TIM1_TRG_COM_TIM11_IRQHandler
                0x08001660                OTG_HS_IRQHandler
                0x08001660                EXTI1_IRQHandler
                0x08001660                USART2_IRQHandler
                0x08001660                I2C2_ER_IRQHandler
                0x08001660                DMA2_Stream1_IRQHandler
                0x08001660                CAN1_SCE_IRQHandler
                0x08001660                FLASH_IRQHandler
                0x08001660                DMA2_Stream4_IRQHandler
                0x08001660                USART1_IRQHandler
                0x08001660                OTG_FS_IRQHandler
                0x08001660                SPI3_IRQHandler
                0x08001660                DMA1_Stream4_IRQHandler
                0x08001660                I2C1_ER_IRQHandler
                0x08001660                FMC_IRQHandler
                0x08001660                DMA2_Stream6_IRQHandler
                0x08001660                SAI1_IRQHandler
                0x08001660                DMA1_Stream3_IRQHandler
 *fill*         0x08001662        0x2 
 .text.__libc_init_array
                0x08001664       0x48 d:/stm32_workbench/plugins/fr.ac6.mcu.externaltools.arm-none.win32_1.17.0.201812190825/tools/compiler/bin/../lib/gcc/arm-none-eabi/7.3.1/../../../../arm-none-eabi/lib/thumb/v7e-m/fpv4-sp/hard\libc_nano.a(lib_a-init.o)
                0x08001664                __libc_init_array
 .text.memset   0x080016ac       0x10 d:/stm32_workbench/plugins/fr.ac6.mcu.externaltools.arm-none.win32_1.17.0.201812190825/tools/compiler/bin/../lib/gcc/arm-none-eabi/7.3.1/../../../../arm-none-eabi/lib/thumb/v7e-m/fpv4-sp/hard\libc_nano.a(lib_a-memset.o)
                0x080016ac                memset
 *(.glue_7)
 .glue_7        0x080016bc        0x0 linker stubs
 *(.glue_7t)
 .glue_7t       0x080016bc        0x0 linker stubs
 *(.eh_frame)
 .eh_frame      0x080016bc        0x0 d:/stm32_workbench/plugins/fr.ac6.mcu.externaltools.arm-none.win32_1.17.0.201812190825/tools/compiler/bin/../lib/gcc/arm-none-eabi/7.3.1/thumb/v7e-m/fpv4-sp/hard/crtbegin.o
 *(.init)
 .init          0x080016bc        0x4 d:/stm32_workbench/plugins/fr.ac6.mcu.externaltools.arm-none.win32_1.17.0.201812190825/tools/compiler/bin/../lib/gcc/arm-none-eabi/7.3.1/thumb/v7e-m/fpv4-sp/hard/crti.o
                0x080016bc                _init
 .init          0x080016c0        0x8 d:/stm32_workbench/plugins/fr.ac6.mcu.externaltools.arm-none.win32_1.17.0.201812190825/tools/compiler/bin/../lib/gcc/arm-none-eabi/7.3.1/thumb/v7e-m/fpv4-sp/hard/crtn.o
 *(.fini)
 .fini          0x080016c8        0x4 d:/stm32_workbench/plugins/fr.ac6.mcu.externaltools.arm-none.win32_1.17.0.201812190825/tools/compiler/bin/../lib/gcc/arm-none-eabi/7.3.1/thumb/v7e-m/fpv4-sp/hard/crti.o
                0x080016c8                _fini
 .fini          0x080016cc        0x8 d:/stm32_workbench/plugins/fr.ac6.mcu.externaltools.arm-none.win32_1.17.0.201812190825/tools/compiler/bin/../lib/gcc/arm-none-eabi/7.3.1/thumb/v7e-m/fpv4-sp/hard/crtn.o
                0x080016d4                . = ALIGN (0x4)
                0x080016d4                _etext = .

.vfp11_veneer   0x080016d4        0x0
 .vfp11_veneer  0x080016d4        0x0 linker stubs

.v4_bx          0x080016d4        0x0
 .v4_bx         0x080016d4        0x0 linker stubs

.iplt           0x080016d4        0x0
 .iplt          0x080016d4        0x0 d:/stm32_workbench/plugins/fr.ac6.mcu.externaltools.arm-none.win32_1.17.0.201812190825/tools/compiler/bin/../lib/gcc/arm-none-eabi/7.3.1/thumb/v7e-m/fpv4-sp/hard/crtbegin.o

.rodata         0x080016d4       0x18
                0x080016d4                . = ALIGN (0x4)
 *(.rodata)
 .rodata        0x080016d4       0x18 Core/Src/system_stm32f4xx.o
                0x080016d4                AHBPrescTable
                0x080016e4                APBPrescTable
 *(.rodata*)
                0x080016ec                . = ALIGN (0x4)

.ARM.extab
 *(.ARM.extab* .gnu.linkonce.armextab.*)

.ARM            0x080016ec        0x8
                0x080016ec                __exidx_start = .
 *(.ARM.exidx*)
 .ARM.exidx     0x080016ec        0x8 d:/stm32_workbench/plugins/fr.ac6.mcu.externaltools.arm-none.win32_1.17.0.201812190825/tools/compiler/bin/../lib/gcc/arm-none-eabi/7.3.1/thumb/v7e-m/fpv4-sp/hard\libgcc.a(_udivmoddi4.o)
                0x080016f4                __exidx_end = .

.rel.dyn        0x080016f4        0x0
 .rel.iplt      0x080016f4        0x0 d:/stm32_workbench/plugins/fr.ac6.mcu.externaltools.arm-none.win32_1.17.0.201812190825/tools/compiler/bin/../lib/gcc/arm-none-eabi/7.3.1/thumb/v7e-m/fpv4-sp/hard/crtbegin.o

.preinit_array  0x080016f4        0x0
                0x080016f4                PROVIDE (__preinit_array_start = .)
 *(.preinit_array*)
                0x080016f4                PROVIDE (__preinit_array_end = .)

.init_array     0x080016f4        0x4
                0x080016f4                PROVIDE (__init_array_start = .)
 *(SORT_BY_NAME(.init_array.*))
 *(.init_array*)
 .init_array    0x080016f4        0x4 d:/stm32_workbench/plugins/fr.ac6.mcu.externaltools.arm-none.win32_1.17.0.201812190825/tools/compiler/bin/../lib/gcc/arm-none-eabi/7.3.1/thumb/v7e-m/fpv4-sp/hard/crtbegin.o
                0x080016f8                PROVIDE (__init_array_end = .)

.fini_array     0x080016f8        0x4
                [!provide]                PROVIDE (__fini_array_start = .)
 *(SORT_BY_NAME(.fini_array.*))
 *(.fini_array*)
 .fini_array    0x080016f8        0x4 d:/stm32_workbench/plugins/fr.ac6.mcu.externaltools.arm-none.win32_1.17.0.201812190825/tools/compiler/bin/../lib/gcc/arm-none-eabi/7.3.1/thumb/v7e-m/fpv4-sp/hard/crtbegin.o
                [!provide]                PROVIDE (__fini_array_end = .)
                0x080016fc                _sidata = LOADADDR (.data)

.data           0x20000000        0xc load address 0x080016fc
                0x20000000                . = ALIGN (0x4)
                0x20000000                _sdata = .
 *(.data)
 .data          0x20000000        0x4 Core/Src/system_stm32f4xx.o
                0x20000000                SystemCoreClock
 .data          0x20000004        0x8 Drivers/STM32F4xx_HAL_Driver/Src/stm32f4xx_hal.o
                0x20000004                uwTickFreq
                0x20000008                uwTickPrio
 *(.data*)
                0x2000000c                . = ALIGN (0x4)
                0x2000000c                _edata = .

.igot.plt       0x2000000c        0x0 load address 0x08001708
 .igot.plt      0x2000000c        0x0 d:/stm32_workbench/plugins/fr.ac6.mcu.externaltools.arm-none.win32_1.17.0.201812190825/tools/compiler/bin/../lib/gcc/arm-none-eabi/7.3.1/thumb/v7e-m/fpv4-sp/hard/crtbegin.o
                0x2000000c                . = ALIGN (0x4)

.bss            0x2000000c       0xa0 load address 0x08001708
                0x2000000c                _sbss = .
                0x2000000c                __bss_start__ = _sbss
 *(.bss)
 .bss           0x2000000c       0x1c d:/stm32_workbench/plugins/fr.ac6.mcu.externaltools.arm-none.win32_1.17.0.201812190825/tools/compiler/bin/../lib/gcc/arm-none-eabi/7.3.1/thumb/v7e-m/fpv4-sp/hard/crtbegin.o
 *(.bss*)
 *(COMMON)
 COMMON         0x20000028       0x80 Core/Src/main.o
                0x20000028                htim6
                0x20000068                huart2
 COMMON         0x200000a8        0x4 Drivers/STM32F4xx_HAL_Driver/Src/stm32f4xx_hal.o
                0x200000a8                uwTick
                0x200000ac                . = ALIGN (0x4)
                0x200000ac                _ebss = .
                0x200000ac                __bss_end__ = _ebss

._user_heap_stack
                0x200000ac      0x604 load address 0x08001708
                0x200000b0                . = ALIGN (0x8)
 *fill*         0x200000ac        0x4 
                0x200000b0                PROVIDE (end = .)
                [!provide]                PROVIDE (_end = .)
                0x200002b0                . = (. + _Min_Heap_Size)
 *fill*         0x200000b0      0x200 
                0x200006b0                . = (. + _Min_Stack_Size)
 *fill*         0x200002b0      0x400 
                0x200006b0                . = ALIGN (0x8)

/DISCARD/
 libc.a(*)
 libm.a(*)
 libgcc.a(*)

.ARM.attributes
                0x00000000       0x30
 *(.ARM.attributes)
 .ARM.attributes
                0x00000000       0x22 d:/stm32_workbench/plugins/fr.ac6.mcu.externaltools.arm-none.win32_1.17.0.201812190825/tools/compiler/bin/../lib/gcc/arm-none-eabi/7.3.1/thumb/v7e-m/fpv4-sp/hard/crti.o
 .ARM.attributes
                0x00000022       0x34 d:/stm32_workbench/plugins/fr.ac6.mcu.externaltools.arm-none.win32_1.17.0.201812190825/tools/compiler/bin/../lib/gcc/arm-none-eabi/7.3.1/thumb/v7e-m/fpv4-sp/hard/crtbegin.o
 .ARM.attributes
                0x00000056       0x39 Core/Src/main.o
 .ARM.attributes
                0x0000008f       0x39 Core/Src/stm32f4xx_hal_msp.o
 .ARM.attributes
                0x000000c8       0x39 Core/Src/stm32f4xx_it.o
 .ARM.attributes
                0x00000101       0x39 Core/Src/system_stm32f4xx.o
 .ARM.attributes
                0x0000013a       0x39 Drivers/STM32F4xx_HAL_Driver/Src/stm32f4xx_hal.o
 .ARM.attributes
                0x00000173       0x39 Drivers/STM32F4xx_HAL_Driver/Src/stm32f4xx_hal_cortex.o
 .ARM.attributes
                0x000001ac       0x39 Drivers/STM32F4xx_HAL_Driver/Src/stm32f4xx_hal_gpio.o
 .ARM.attributes
                0x000001e5       0x39 Drivers/STM32F4xx_HAL_Driver/Src/stm32f4xx_hal_rcc.o
 .ARM.attributes
                0x0000021e       0x39 Drivers/STM32F4xx_HAL_Driver/Src/stm32f4xx_hal_rcc_ex.o
 .ARM.attributes
                0x00000257       0x39 Drivers/STM32F4xx_HAL_Driver/Src/stm32f4xx_hal_tim.o
 .ARM.attributes
                0x00000290       0x39 Drivers/STM32F4xx_HAL_Driver/Src/stm32f4xx_hal_tim_ex.o
 .ARM.attributes
                0x000002c9       0x39 Drivers/STM32F4xx_HAL_Driver/Src/stm32f4xx_hal_uart.o
 .ARM.attributes
                0x00000302       0x21 startup/startup_stm32f446xx.o
 .ARM.attributes
                0x00000323       0x22 d:/stm32_workbench/plugins/fr.ac6.mcu.externaltools.arm-none.win32_1.17.0.201812190825/tools/compiler/bin/../lib/gcc/arm-none-eabi/7.3.1/thumb/v7e-m/fpv4-sp/hard\libgcc.a(_aeabi_uldivmod.o)
 .ARM.attributes
                0x00000345       0x34 d:/stm32_workbench/plugins/fr.ac6.mcu.externaltools.arm-none.win32_1.17.0.201812190825/tools/compiler/bin/../lib/gcc/arm-none-eabi/7.3.1/thumb/v7e-m/fpv4-sp/hard\libgcc.a(_udivmoddi4.o)
 .ARM.attributes
                0x00000379       0x22 d:/stm32_workbench/plugins/fr.ac6.mcu.externaltools.arm-none.win32_1.17.0.201812190825/tools/compiler/bin/../lib/gcc/arm-none-eabi/7.3.1/thumb/v7e-m/fpv4-sp/hard\libgcc.a(_dvmd_tls.o)
 .ARM.attributes
                0x0000039b       0x34 d:/stm32_workbench/plugins/fr.ac6.mcu.externaltools.arm-none.win32_1.17.0.201812190825/tools/compiler/bin/../lib/gcc/arm-none-eabi/7.3.1/../../../../arm-none-eabi/lib/thumb/v7e-m/fpv4-sp/hard\libc_nano.a(lib_a-init.o)
 .ARM.attributes
                0x000003cf       0x34 d:/stm32_workbench/plugins/fr.ac6.mcu.externaltools.arm-none.win32_1.17.0.201812190825/tools/compiler/bin/../lib/gcc/arm-none-eabi/7.3.1/../../../../arm-none-eabi/lib/thumb/v7e-m/fpv4-sp/hard\libc_nano.a(lib_a-memset.o)
 .ARM.attributes
                0x00000403       0x22 d:/stm32_workbench/plugins/fr.ac6.mcu.externaltools.arm-none.win32_1.17.0.201812190825/tools/compiler/bin/../lib/gcc/arm-none-eabi/7.3.1/thumb/v7e-m/fpv4-sp/hard/crtn.o
OUTPUT(time_base_100ms.elf elf32-littlearm)

.debug_info     0x00000000     0xbb96
 .debug_info    0x00000000     0x1023 Core/Src/main.o
 .debug_info    0x00001023      0xcbb Core/Src/stm32f4xx_hal_msp.o
 .debug_info    0x00001cde      0x223 Core/Src/stm32f4xx_it.o
 .debug_info    0x00001f01      0x58d Core/Src/system_stm32f4xx.o
 .debug_info    0x0000248e      0xa43 Drivers/STM32F4xx_HAL_Driver/Src/stm32f4xx_hal.o
 .debug_info    0x00002ed1      0xfaa Drivers/STM32F4xx_HAL_Driver/Src/stm32f4xx_hal_cortex.o
 .debug_info    0x00003e7b      0x810 Drivers/STM32F4xx_HAL_Driver/Src/stm32f4xx_hal_gpio.o
 .debug_info    0x0000468b      0xad4 Drivers/STM32F4xx_HAL_Driver/Src/stm32f4xx_hal_rcc.o
 .debug_info    0x0000515f      0xc34 Drivers/STM32F4xx_HAL_Driver/Src/stm32f4xx_hal_rcc_ex.o
 .debug_info    0x00005d93     0x31db Drivers/STM32F4xx_HAL_Driver/Src/stm32f4xx_hal_tim.o
 .debug_info    0x00008f6e     0x14e9 Drivers/STM32F4xx_HAL_Driver/Src/stm32f4xx_hal_tim_ex.o
 .debug_info    0x0000a457     0x171d Drivers/STM32F4xx_HAL_Driver/Src/stm32f4xx_hal_uart.o
 .debug_info    0x0000bb74       0x22 startup/startup_stm32f446xx.o

.debug_abbrev   0x00000000     0x18a2
 .debug_abbrev  0x00000000      0x24e Core/Src/main.o
 .debug_abbrev  0x0000024e      0x1cd Core/Src/stm32f4xx_hal_msp.o
 .debug_abbrev  0x0000041b       0xe4 Core/Src/stm32f4xx_it.o
 .debug_abbrev  0x000004ff      0x12b Core/Src/system_stm32f4xx.o
 .debug_abbrev  0x0000062a      0x1ed Drivers/STM32F4xx_HAL_Driver/Src/stm32f4xx_hal.o
 .debug_abbrev  0x00000817      0x328 Drivers/STM32F4xx_HAL_Driver/Src/stm32f4xx_hal_cortex.o
 .debug_abbrev  0x00000b3f      0x1e7 Drivers/STM32F4xx_HAL_Driver/Src/stm32f4xx_hal_gpio.o
 .debug_abbrev  0x00000d26      0x273 Drivers/STM32F4xx_HAL_Driver/Src/stm32f4xx_hal_rcc.o
 .debug_abbrev  0x00000f99      0x212 Drivers/STM32F4xx_HAL_Driver/Src/stm32f4xx_hal_rcc_ex.o
 .debug_abbrev  0x000011ab      0x226 Drivers/STM32F4xx_HAL_Driver/Src/stm32f4xx_hal_tim.o
 .debug_abbrev  0x000013d1      0x237 Drivers/STM32F4xx_HAL_Driver/Src/stm32f4xx_hal_tim_ex.o
 .debug_abbrev  0x00001608      0x288 Drivers/STM32F4xx_HAL_Driver/Src/stm32f4xx_hal_uart.o
 .debug_abbrev  0x00001890       0x12 startup/startup_stm32f446xx.o

.debug_aranges  0x00000000      0xaf0
 .debug_aranges
                0x00000000       0x48 Core/Src/main.o
 .debug_aranges
                0x00000048       0x40 Core/Src/stm32f4xx_hal_msp.o
 .debug_aranges
                0x00000088       0x60 Core/Src/stm32f4xx_it.o
 .debug_aranges
                0x000000e8       0x28 Core/Src/system_stm32f4xx.o
 .debug_aranges
                0x00000110       0xf0 Drivers/STM32F4xx_HAL_Driver/Src/stm32f4xx_hal.o
 .debug_aranges
                0x00000200       0xa8 Drivers/STM32F4xx_HAL_Driver/Src/stm32f4xx_hal_cortex.o
 .debug_aranges
                0x000002a8       0x58 Drivers/STM32F4xx_HAL_Driver/Src/stm32f4xx_hal_gpio.o
 .debug_aranges
                0x00000300       0x88 Drivers/STM32F4xx_HAL_Driver/Src/stm32f4xx_hal_rcc.o
 .debug_aranges
                0x00000388       0x78 Drivers/STM32F4xx_HAL_Driver/Src/stm32f4xx_hal_rcc_ex.o
 .debug_aranges
                0x00000400      0x3a8 Drivers/STM32F4xx_HAL_Driver/Src/stm32f4xx_hal_tim.o
 .debug_aranges
                0x000007a8      0x150 Drivers/STM32F4xx_HAL_Driver/Src/stm32f4xx_hal_tim_ex.o
 .debug_aranges
                0x000008f8      0x1d0 Drivers/STM32F4xx_HAL_Driver/Src/stm32f4xx_hal_uart.o
 .debug_aranges
                0x00000ac8       0x28 startup/startup_stm32f446xx.o

.debug_ranges   0x00000000      0xab8
 .debug_ranges  0x00000000       0x38 Core/Src/main.o
 .debug_ranges  0x00000038       0x30 Core/Src/stm32f4xx_hal_msp.o
 .debug_ranges  0x00000068       0x50 Core/Src/stm32f4xx_it.o
 .debug_ranges  0x000000b8       0x18 Core/Src/system_stm32f4xx.o
 .debug_ranges  0x000000d0       0xe0 Drivers/STM32F4xx_HAL_Driver/Src/stm32f4xx_hal.o
 .debug_ranges  0x000001b0       0xf8 Drivers/STM32F4xx_HAL_Driver/Src/stm32f4xx_hal_cortex.o
 .debug_ranges  0x000002a8       0x48 Drivers/STM32F4xx_HAL_Driver/Src/stm32f4xx_hal_gpio.o
 .debug_ranges  0x000002f0       0x90 Drivers/STM32F4xx_HAL_Driver/Src/stm32f4xx_hal_rcc.o
 .debug_ranges  0x00000380       0x80 Drivers/STM32F4xx_HAL_Driver/Src/stm32f4xx_hal_rcc_ex.o
 .debug_ranges  0x00000400      0x398 Drivers/STM32F4xx_HAL_Driver/Src/stm32f4xx_hal_tim.o
 .debug_ranges  0x00000798      0x140 Drivers/STM32F4xx_HAL_Driver/Src/stm32f4xx_hal_tim_ex.o
 .debug_ranges  0x000008d8      0x1c0 Drivers/STM32F4xx_HAL_Driver/Src/stm32f4xx_hal_uart.o
 .debug_ranges  0x00000a98       0x20 startup/startup_stm32f446xx.o

.debug_macro    0x00000000    0x20d86
 .debug_macro   0x00000000      0x1dd Core/Src/main.o
 .debug_macro   0x000001dd      0xa54 Core/Src/main.o
 .debug_macro   0x00000c31      0x294 Core/Src/main.o
 .debug_macro   0x00000ec5       0x2e Core/Src/main.o
 .debug_macro   0x00000ef3       0x28 Core/Src/main.o
 .debug_macro   0x00000f1b       0x22 Core/Src/main.o
 .debug_macro   0x00000f3d       0x8e Core/Src/main.o
 .debug_macro   0x00000fcb       0x51 Core/Src/main.o
 .debug_macro   0x0000101c       0xef Core/Src/main.o
 .debug_macro   0x0000110b       0x6a Core/Src/main.o
 .debug_macro   0x00001175      0x1df Core/Src/main.o
 .debug_macro   0x00001354       0x1c Core/Src/main.o
 .debug_macro   0x00001370       0x22 Core/Src/main.o
 .debug_macro   0x00001392       0xdf Core/Src/main.o
 .debug_macro   0x00001471     0x102d Core/Src/main.o
 .debug_macro   0x0000249e      0x11f Core/Src/main.o
 .debug_macro   0x000025bd    0x1672d Core/Src/main.o
 .debug_macro   0x00018cea       0x43 Core/Src/main.o
 .debug_macro   0x00018d2d     0x3659 Core/Src/main.o
 .debug_macro   0x0001c386      0x174 Core/Src/main.o
 .debug_macro   0x0001c4fa       0x5a Core/Src/main.o
 .debug_macro   0x0001c554      0xc90 Core/Src/main.o
 .debug_macro   0x0001d1e4      0x9fe Core/Src/main.o
 .debug_macro   0x0001dbe2      0x117 Core/Src/main.o
 .debug_macro   0x0001dcf9      0x1a0 Core/Src/main.o
 .debug_macro   0x0001de99       0x27 Core/Src/main.o
 .debug_macro   0x0001dec0      0x16d Core/Src/main.o
 .debug_macro   0x0001e02d      0x287 Core/Src/main.o
 .debug_macro   0x0001e2b4       0x5f Core/Src/main.o
 .debug_macro   0x0001e313      0x236 Core/Src/main.o
 .debug_macro   0x0001e549      0x132 Core/Src/main.o
 .debug_macro   0x0001e67b      0x29c Core/Src/main.o
 .debug_macro   0x0001e917       0x2e Core/Src/main.o
 .debug_macro   0x0001e945      0x11a Core/Src/main.o
 .debug_macro   0x0001ea5f       0xe8 Core/Src/main.o
 .debug_macro   0x0001eb47       0x89 Core/Src/main.o
 .debug_macro   0x0001ebd0      0x8a0 Core/Src/main.o
 .debug_macro   0x0001f470       0x4d Core/Src/main.o
 .debug_macro   0x0001f4bd      0x287 Core/Src/main.o
 .debug_macro   0x0001f744      0x126 Core/Src/main.o
 .debug_macro   0x0001f86a       0x58 Core/Src/main.o
 .debug_macro   0x0001f8c2      0x1dd Core/Src/stm32f4xx_hal_msp.o
 .debug_macro   0x0001fa9f      0x1e7 Core/Src/stm32f4xx_it.o
 .debug_macro   0x0001fc86      0x1d4 Core/Src/system_stm32f4xx.o
 .debug_macro   0x0001fe5a      0x22e Drivers/STM32F4xx_HAL_Driver/Src/stm32f4xx_hal.o
 .debug_macro   0x00020088      0x1ce Drivers/STM32F4xx_HAL_Driver/Src/stm32f4xx_hal_cortex.o
 .debug_macro   0x00020256      0x204 Drivers/STM32F4xx_HAL_Driver/Src/stm32f4xx_hal_gpio.o
 .debug_macro   0x0002045a      0x1f2 Drivers/STM32F4xx_HAL_Driver/Src/stm32f4xx_hal_rcc.o
 .debug_macro   0x0002064c      0x1ce Drivers/STM32F4xx_HAL_Driver/Src/stm32f4xx_hal_rcc_ex.o
 .debug_macro   0x0002081a      0x1cf Drivers/STM32F4xx_HAL_Driver/Src/stm32f4xx_hal_tim.o
 .debug_macro   0x000209e9      0x1ce Drivers/STM32F4xx_HAL_Driver/Src/stm32f4xx_hal_tim_ex.o
 .debug_macro   0x00020bb7      0x1cf Drivers/STM32F4xx_HAL_Driver/Src/stm32f4xx_hal_uart.o

.debug_line     0x00000000     0x7ef5
 .debug_line    0x00000000      0x733 Core/Src/main.o
 .debug_line    0x00000733      0x6f5 Core/Src/stm32f4xx_hal_msp.o
 .debug_line    0x00000e28      0x71f Core/Src/stm32f4xx_it.o
 .debug_line    0x00001547      0x6b1 Core/Src/system_stm32f4xx.o
 .debug_line    0x00001bf8      0x88e Drivers/STM32F4xx_HAL_Driver/Src/stm32f4xx_hal.o
 .debug_line    0x00002486      0x8e0 Drivers/STM32F4xx_HAL_Driver/Src/stm32f4xx_hal_cortex.o
 .debug_line    0x00002d66      0x80c Drivers/STM32F4xx_HAL_Driver/Src/stm32f4xx_hal_gpio.o
 .debug_line    0x00003572      0x921 Drivers/STM32F4xx_HAL_Driver/Src/stm32f4xx_hal_rcc.o
 .debug_line    0x00003e93      0xac5 Drivers/STM32F4xx_HAL_Driver/Src/stm32f4xx_hal_rcc_ex.o
 .debug_line    0x00004958     0x1879 Drivers/STM32F4xx_HAL_Driver/Src/stm32f4xx_hal_tim.o
 .debug_line    0x000061d1      0xcc9 Drivers/STM32F4xx_HAL_Driver/Src/stm32f4xx_hal_tim_ex.o
 .debug_line    0x00006e9a      0xfdd Drivers/STM32F4xx_HAL_Driver/Src/stm32f4xx_hal_uart.o
 .debug_line    0x00007e77       0x7e startup/startup_stm32f446xx.o

.debug_str      0x00000000    0xcb302
 .debug_str     0x00000000    0xc844b Core/Src/main.o
                              0xc8777 (size before relaxing)
 .debug_str     0x000c844b       0xb9 Core/Src/stm32f4xx_hal_msp.o
                              0xc8564 (size before relaxing)
 .debug_str     0x000c8504       0xc9 Core/Src/stm32f4xx_it.o
                              0xc7df3 (size before relaxing)
 .debug_str     0x000c85cd       0xc4 Core/Src/system_stm32f4xx.o
                              0xc7ddf (size before relaxing)
 .debug_str     0x000c8691      0xaa2 Drivers/STM32F4xx_HAL_Driver/Src/stm32f4xx_hal.o
                              0xc8932 (size before relaxing)
 .debug_str     0x000c9133      0x354 Drivers/STM32F4xx_HAL_Driver/Src/stm32f4xx_hal_cortex.o
                              0xc86b7 (size before relaxing)
 .debug_str     0x000c9487      0x1dc Drivers/STM32F4xx_HAL_Driver/Src/stm32f4xx_hal_gpio.o
                              0xc801e (size before relaxing)
 .debug_str     0x000c9663      0x233 Drivers/STM32F4xx_HAL_Driver/Src/stm32f4xx_hal_rcc.o
                              0xc81f8 (size before relaxing)
 .debug_str     0x000c9896      0x324 Drivers/STM32F4xx_HAL_Driver/Src/stm32f4xx_hal_rcc_ex.o
                              0xc823c (size before relaxing)
 .debug_str     0x000c9bba      0xd8e Drivers/STM32F4xx_HAL_Driver/Src/stm32f4xx_hal_tim.o
                              0xc8f19 (size before relaxing)
 .debug_str     0x000ca948      0x464 Drivers/STM32F4xx_HAL_Driver/Src/stm32f4xx_hal_tim_ex.o
                              0xc8731 (size before relaxing)
 .debug_str     0x000cadac      0x527 Drivers/STM32F4xx_HAL_Driver/Src/stm32f4xx_hal_uart.o
                              0xc867d (size before relaxing)
 .debug_str     0x000cb2d3       0x2f startup/startup_stm32f446xx.o
                                 0x57 (size before relaxing)

.comment        0x00000000       0x7f
 .comment       0x00000000       0x7f Core/Src/main.o
                                 0x80 (size before relaxing)
 .comment       0x0000007f       0x80 Core/Src/stm32f4xx_hal_msp.o
 .comment       0x0000007f       0x80 Core/Src/stm32f4xx_it.o
 .comment       0x0000007f       0x80 Core/Src/system_stm32f4xx.o
 .comment       0x0000007f       0x80 Drivers/STM32F4xx_HAL_Driver/Src/stm32f4xx_hal.o
 .comment       0x0000007f       0x80 Drivers/STM32F4xx_HAL_Driver/Src/stm32f4xx_hal_cortex.o
 .comment       0x0000007f       0x80 Drivers/STM32F4xx_HAL_Driver/Src/stm32f4xx_hal_gpio.o
 .comment       0x0000007f       0x80 Drivers/STM32F4xx_HAL_Driver/Src/stm32f4xx_hal_rcc.o
 .comment       0x0000007f       0x80 Drivers/STM32F4xx_HAL_Driver/Src/stm32f4xx_hal_rcc_ex.o
 .comment       0x0000007f       0x80 Drivers/STM32F4xx_HAL_Driver/Src/stm32f4xx_hal_tim.o
 .comment       0x0000007f       0x80 Drivers/STM32F4xx_HAL_Driver/Src/stm32f4xx_hal_tim_ex.o
 .comment       0x0000007f       0x80 Drivers/STM32F4xx_HAL_Driver/Src/stm32f4xx_hal_uart.o

.debug_frame    0x00000000     0x1ccc
 .debug_frame   0x00000000       0xb0 Core/Src/main.o
 .debug_frame   0x000000b0       0x8c Core/Src/stm32f4xx_hal_msp.o
 .debug_frame   0x0000013c       0xa8 Core/Src/stm32f4xx_it.o
 .debug_frame   0x000001e4       0x30 Core/Src/system_stm32f4xx.o
 .debug_frame   0x00000214      0x1ec Drivers/STM32F4xx_HAL_Driver/Src/stm32f4xx_hal.o
 .debug_frame   0x00000400      0x15c Drivers/STM32F4xx_HAL_Driver/Src/stm32f4xx_hal_cortex.o
 .debug_frame   0x0000055c       0xd8 Drivers/STM32F4xx_HAL_Driver/Src/stm32f4xx_hal_gpio.o
 .debug_frame   0x00000634      0x184 Drivers/STM32F4xx_HAL_Driver/Src/stm32f4xx_hal_rcc.o
 .debug_frame   0x000007b8      0x148 Drivers/STM32F4xx_HAL_Driver/Src/stm32f4xx_hal_rcc_ex.o
 .debug_frame   0x00000900      0xa7c Drivers/STM32F4xx_HAL_Driver/Src/stm32f4xx_hal_tim.o
 .debug_frame   0x0000137c      0x3b4 Drivers/STM32F4xx_HAL_Driver/Src/stm32f4xx_hal_tim_ex.o
 .debug_frame   0x00001730      0x4f0 Drivers/STM32F4xx_HAL_Driver/Src/stm32f4xx_hal_uart.o
 .debug_frame   0x00001c20       0x2c d:/stm32_workbench/plugins/fr.ac6.mcu.externaltools.arm-none.win32_1.17.0.201812190825/tools/compiler/bin/../lib/gcc/arm-none-eabi/7.3.1/thumb/v7e-m/fpv4-sp/hard\libgcc.a(_aeabi_uldivmod.o)
 .debug_frame   0x00001c4c       0x34 d:/stm32_workbench/plugins/fr.ac6.mcu.externaltools.arm-none.win32_1.17.0.201812190825/tools/compiler/bin/../lib/gcc/arm-none-eabi/7.3.1/thumb/v7e-m/fpv4-sp/hard\libgcc.a(_udivmoddi4.o)
 .debug_frame   0x00001c80       0x2c d:/stm32_workbench/plugins/fr.ac6.mcu.externaltools.arm-none.win32_1.17.0.201812190825/tools/compiler/bin/../lib/gcc/arm-none-eabi/7.3.1/../../../../arm-none-eabi/lib/thumb/v7e-m/fpv4-sp/hard\libc_nano.a(lib_a-init.o)
 .debug_frame   0x00001cac       0x20 d:/stm32_workbench/plugins/fr.ac6.mcu.externaltools.arm-none.win32_1.17.0.201812190825/tools/compiler/bin/../lib/gcc/arm-none-eabi/7.3.1/../../../../arm-none-eabi/lib/thumb/v7e-m/fpv4-sp/hard\libc_nano.a(lib_a-memset.o)

.debug_loc      0x00000000     0x7c3f
 .debug_loc     0x00000000       0x74 Core/Src/stm32f4xx_hal_msp.o
 .debug_loc     0x00000074      0x13e Core/Src/system_stm32f4xx.o
 .debug_loc     0x000001b2      0x11b Drivers/STM32F4xx_HAL_Driver/Src/stm32f4xx_hal.o
 .debug_loc     0x000002cd      0x5ce Drivers/STM32F4xx_HAL_Driver/Src/stm32f4xx_hal_cortex.o
 .debug_loc     0x0000089b      0x476 Drivers/STM32F4xx_HAL_Driver/Src/stm32f4xx_hal_gpio.o
 .debug_loc     0x00000d11      0x40f Drivers/STM32F4xx_HAL_Driver/Src/stm32f4xx_hal_rcc.o
 .debug_loc     0x00001120      0xb5e Drivers/STM32F4xx_HAL_Driver/Src/stm32f4xx_hal_rcc_ex.o
 .debug_loc     0x00001c7e     0x3888 Drivers/STM32F4xx_HAL_Driver/Src/stm32f4xx_hal_tim.o
 .debug_loc     0x00005506     0x11a0 Drivers/STM32F4xx_HAL_Driver/Src/stm32f4xx_hal_tim_ex.o
 .debug_loc     0x000066a6     0x1599 Drivers/STM32F4xx_HAL_Driver/Src/stm32f4xx_hal_uart.o
